[2025-11-20 06:28:26,779] INFO django.utils.autoreload Watching for file changes with StatReloader
[2025-11-20 06:42:10,800] INFO django.server "OPTIONS /authentication/api/register/ HTTP/1.1" 200 0
[2025-11-20 06:42:10,806] ERROR core.exceptions Unhandled Exception: Field name `phone_number` is not valid for model `User` in `Authentication.serializers.RegisterSerializer`.
Traceback (most recent call last):
  File "E:\Shopizen\.venv\Lib\site-packages\rest_framework\views.py", line 512, in dispatch
    response = handler(request, *args, **kwargs)
  File "E:\Shopizen\Authentication\views.py", line 23, in post
    if serializer.is_valid():
       ~~~~~~~~~~~~~~~~~~~^^
  File "E:\Shopizen\.venv\Lib\site-packages\rest_framework\serializers.py", line 225, in is_valid
    self._validated_data = self.run_validation(self.initial_data)
                           ~~~~~~~~~~~~~~~~~~~^^^^^^^^^^^^^^^^^^^
  File "E:\Shopizen\.venv\Lib\site-packages\rest_framework\serializers.py", line 444, in run_validation
    value = self.to_internal_value(data)
  File "E:\Shopizen\.venv\Lib\site-packages\rest_framework\serializers.py", line 497, in to_internal_value
    for field in fields:
                 ^^^^^^
  File "E:\Shopizen\.venv\Lib\site-packages\rest_framework\serializers.py", line 380, in _writable_fields
    for field in self.fields.values():
                 ^^^^^^^^^^^
  File "E:\Shopizen\.venv\Lib\site-packages\django\utils\functional.py", line 47, in __get__
    res = instance.__dict__[self.name] = self.func(instance)
                                         ~~~~~~~~~^^^^^^^^^^
  File "E:\Shopizen\.venv\Lib\site-packages\rest_framework\serializers.py", line 374, in fields
    for key, value in self.get_fields().items():
                      ~~~~~~~~~~~~~~~^^
  File "E:\Shopizen\.venv\Lib\site-packages\rest_framework\serializers.py", line 1105, in get_fields
    field_class, field_kwargs = self.build_field(
                                ~~~~~~~~~~~~~~~~^
        source, info, model, depth
        ^^^^^^^^^^^^^^^^^^^^^^^^^^
    )
    ^
  File "E:\Shopizen\.venv\Lib\site-packages\rest_framework\serializers.py", line 1251, in build_field
    return self.build_unknown_field(field_name, model_class)
           ~~~~~~~~~~~~~~~~~~~~~~~~^^^^^^^^^^^^^^^^^^^^^^^^^
  File "E:\Shopizen\.venv\Lib\site-packages\rest_framework\serializers.py", line 1369, in build_unknown_field
    raise ImproperlyConfigured(
    ...<2 lines>...
    )
django.core.exceptions.ImproperlyConfigured: Field name `phone_number` is not valid for model `User` in `Authentication.serializers.RegisterSerializer`.
[2025-11-20 06:42:10,814] ERROR django.request Internal Server Error: /authentication/api/register/
[2025-11-20 06:42:10,815] ERROR django.server "POST /authentication/api/register/ HTTP/1.1" 500 101
[2025-11-20 06:45:04,121] INFO django.utils.autoreload E:\Shopizen\Authentication\serializers.py changed, reloading.
[2025-11-20 06:45:04,660] INFO django.utils.autoreload Watching for file changes with StatReloader
[2025-11-20 06:45:17,846] INFO django.utils.autoreload E:\Shopizen\Authentication\serializers.py changed, reloading.
[2025-11-20 06:45:18,554] INFO django.utils.autoreload Watching for file changes with StatReloader
[2025-11-20 06:46:21,271] ERROR core.exceptions Unhandled Exception: Field name `phone_number` is not valid for model `User` in `Authentication.serializers.RegisterSerializer`.
Traceback (most recent call last):
  File "E:\Shopizen\.venv\Lib\site-packages\rest_framework\views.py", line 512, in dispatch
    response = handler(request, *args, **kwargs)
  File "E:\Shopizen\Authentication\views.py", line 23, in post
    if serializer.is_valid():
       ~~~~~~~~~~~~~~~~~~~^^
  File "E:\Shopizen\.venv\Lib\site-packages\rest_framework\serializers.py", line 225, in is_valid
    self._validated_data = self.run_validation(self.initial_data)
                           ~~~~~~~~~~~~~~~~~~~^^^^^^^^^^^^^^^^^^^
  File "E:\Shopizen\.venv\Lib\site-packages\rest_framework\serializers.py", line 444, in run_validation
    value = self.to_internal_value(data)
  File "E:\Shopizen\.venv\Lib\site-packages\rest_framework\serializers.py", line 497, in to_internal_value
    for field in fields:
                 ^^^^^^
  File "E:\Shopizen\.venv\Lib\site-packages\rest_framework\serializers.py", line 380, in _writable_fields
    for field in self.fields.values():
                 ^^^^^^^^^^^
  File "E:\Shopizen\.venv\Lib\site-packages\django\utils\functional.py", line 47, in __get__
    res = instance.__dict__[self.name] = self.func(instance)
                                         ~~~~~~~~~^^^^^^^^^^
  File "E:\Shopizen\.venv\Lib\site-packages\rest_framework\serializers.py", line 374, in fields
    for key, value in self.get_fields().items():
                      ~~~~~~~~~~~~~~~^^
  File "E:\Shopizen\.venv\Lib\site-packages\rest_framework\serializers.py", line 1105, in get_fields
    field_class, field_kwargs = self.build_field(
                                ~~~~~~~~~~~~~~~~^
        source, info, model, depth
        ^^^^^^^^^^^^^^^^^^^^^^^^^^
    )
    ^
  File "E:\Shopizen\.venv\Lib\site-packages\rest_framework\serializers.py", line 1251, in build_field
    return self.build_unknown_field(field_name, model_class)
           ~~~~~~~~~~~~~~~~~~~~~~~~^^^^^^^^^^^^^^^^^^^^^^^^^
  File "E:\Shopizen\.venv\Lib\site-packages\rest_framework\serializers.py", line 1369, in build_unknown_field
    raise ImproperlyConfigured(
    ...<2 lines>...
    )
django.core.exceptions.ImproperlyConfigured: Field name `phone_number` is not valid for model `User` in `Authentication.serializers.RegisterSerializer`.
[2025-11-20 06:46:21,277] ERROR django.request Internal Server Error: /authentication/api/register/
[2025-11-20 06:46:21,277] ERROR django.server "POST /authentication/api/register/ HTTP/1.1" 500 101
[2025-11-20 06:47:44,989] INFO django.utils.autoreload E:\Shopizen\Authentication\serializers.py changed, reloading.
[2025-11-20 06:47:45,489] INFO django.utils.autoreload Watching for file changes with StatReloader
[2025-11-20 06:48:14,922] ERROR core.exceptions Unhandled Exception: Field name `phone_number` is not valid for model `User` in `Authentication.serializers.RegisterSerializer`.
Traceback (most recent call last):
  File "E:\Shopizen\.venv\Lib\site-packages\rest_framework\views.py", line 512, in dispatch
    response = handler(request, *args, **kwargs)
  File "E:\Shopizen\Authentication\views.py", line 23, in post
    if serializer.is_valid():
       ~~~~~~~~~~~~~~~~~~~^^
  File "E:\Shopizen\.venv\Lib\site-packages\rest_framework\serializers.py", line 225, in is_valid
    self._validated_data = self.run_validation(self.initial_data)
                           ~~~~~~~~~~~~~~~~~~~^^^^^^^^^^^^^^^^^^^
  File "E:\Shopizen\.venv\Lib\site-packages\rest_framework\serializers.py", line 444, in run_validation
    value = self.to_internal_value(data)
  File "E:\Shopizen\.venv\Lib\site-packages\rest_framework\serializers.py", line 497, in to_internal_value
    for field in fields:
                 ^^^^^^
  File "E:\Shopizen\.venv\Lib\site-packages\rest_framework\serializers.py", line 380, in _writable_fields
    for field in self.fields.values():
                 ^^^^^^^^^^^
  File "E:\Shopizen\.venv\Lib\site-packages\django\utils\functional.py", line 47, in __get__
    res = instance.__dict__[self.name] = self.func(instance)
                                         ~~~~~~~~~^^^^^^^^^^
  File "E:\Shopizen\.venv\Lib\site-packages\rest_framework\serializers.py", line 374, in fields
    for key, value in self.get_fields().items():
                      ~~~~~~~~~~~~~~~^^
  File "E:\Shopizen\.venv\Lib\site-packages\rest_framework\serializers.py", line 1105, in get_fields
    field_class, field_kwargs = self.build_field(
                                ~~~~~~~~~~~~~~~~^
        source, info, model, depth
        ^^^^^^^^^^^^^^^^^^^^^^^^^^
    )
    ^
  File "E:\Shopizen\.venv\Lib\site-packages\rest_framework\serializers.py", line 1251, in build_field
    return self.build_unknown_field(field_name, model_class)
           ~~~~~~~~~~~~~~~~~~~~~~~~^^^^^^^^^^^^^^^^^^^^^^^^^
  File "E:\Shopizen\.venv\Lib\site-packages\rest_framework\serializers.py", line 1369, in build_unknown_field
    raise ImproperlyConfigured(
    ...<2 lines>...
    )
django.core.exceptions.ImproperlyConfigured: Field name `phone_number` is not valid for model `User` in `Authentication.serializers.RegisterSerializer`.
[2025-11-20 06:48:14,928] ERROR django.request Internal Server Error: /authentication/api/register/
[2025-11-20 06:48:14,928] ERROR django.server "POST /authentication/api/register/ HTTP/1.1" 500 101
[2025-11-20 06:50:49,571] INFO django.utils.autoreload E:\Shopizen\shopizen\settings.py changed, reloading.
[2025-11-20 06:50:50,102] INFO django.utils.autoreload Watching for file changes with StatReloader
[2025-11-20 06:53:58,094] INFO django.utils.autoreload Watching for file changes with StatReloader
[2025-11-20 06:55:22,736] INFO django.utils.autoreload Watching for file changes with StatReloader
[2025-11-20 06:56:45,528] INFO django.utils.autoreload Watching for file changes with StatReloader
[2025-11-20 06:57:41,416] INFO django.utils.autoreload E:\Shopizen\admin_shopizen\urls.py changed, reloading.
[2025-11-20 06:57:41,896] INFO django.utils.autoreload Watching for file changes with StatReloader
[2025-11-20 06:57:50,316] INFO django.utils.autoreload Watching for file changes with StatReloader
[2025-11-20 06:59:11,221] INFO django.utils.autoreload E:\Shopizen\Authentication\admin.py changed, reloading.
[2025-11-20 06:59:11,771] INFO django.utils.autoreload Watching for file changes with StatReloader
[2025-11-20 06:59:14,127] INFO django.utils.autoreload E:\Shopizen\Authentication\admin.py changed, reloading.
[2025-11-20 06:59:15,531] INFO django.utils.autoreload Watching for file changes with StatReloader
[2025-11-20 06:59:21,099] INFO django.utils.autoreload E:\Shopizen\Authentication\admin.py changed, reloading.
[2025-11-20 06:59:21,583] INFO django.utils.autoreload Watching for file changes with StatReloader
[2025-11-20 07:00:31,372] INFO django.utils.autoreload Watching for file changes with StatReloader
[2025-11-20 07:01:29,879] INFO django.utils.autoreload E:\Shopizen\user_shopizen\models.py changed, reloading.
[2025-11-20 07:01:30,389] INFO django.utils.autoreload Watching for file changes with StatReloader
[2025-11-20 07:01:54,296] INFO django.utils.autoreload E:\Shopizen\Authentication\models.py changed, reloading.
[2025-11-20 07:01:54,830] INFO django.utils.autoreload Watching for file changes with StatReloader
[2025-11-20 07:01:56,133] INFO django.utils.autoreload E:\Shopizen\Authentication\models.py changed, reloading.
[2025-11-20 07:01:56,618] INFO django.utils.autoreload Watching for file changes with StatReloader
[2025-11-20 07:03:05,551] INFO django.utils.autoreload E:\Shopizen\Authentication\models.py changed, reloading.
[2025-11-20 07:03:06,099] INFO django.utils.autoreload Watching for file changes with StatReloader
[2025-11-20 07:03:50,761] INFO django.utils.autoreload E:\Shopizen\user_shopizen\models.py changed, reloading.
[2025-11-20 07:03:51,242] INFO django.utils.autoreload Watching for file changes with StatReloader
[2025-11-20 07:04:16,184] INFO django.utils.autoreload Watching for file changes with StatReloader
[2025-11-20 07:04:40,245] ERROR core.exceptions Unhandled Exception: Manager isn't available; 'auth.User' has been swapped for 'Authentication.User'
Traceback (most recent call last):
  File "E:\Shopizen\.venv\Lib\site-packages\rest_framework\views.py", line 512, in dispatch
    response = handler(request, *args, **kwargs)
  File "E:\Shopizen\Authentication\views.py", line 24, in post
    user = serializer.save()
  File "E:\Shopizen\.venv\Lib\site-packages\rest_framework\serializers.py", line 210, in save
    self.instance = self.create(validated_data)
                    ~~~~~~~~~~~^^^^^^^^^^^^^^^^
  File "E:\Shopizen\Authentication\serializers.py", line 34, in create
    return User.objects.create_user(**validated_data)
           ^^^^^^^^^^^^
  File "E:\Shopizen\.venv\Lib\site-packages\django\db\models\manager.py", line 196, in __get__
    raise AttributeError(
    ...<5 lines>...
    )
AttributeError: Manager isn't available; 'auth.User' has been swapped for 'Authentication.User'
[2025-11-20 07:04:40,257] ERROR django.request Internal Server Error: /authentication/api/register/
[2025-11-20 07:04:40,258] ERROR django.server "POST /authentication/api/register/ HTTP/1.1" 500 101
[2025-11-20 07:05:53,275] INFO django.utils.autoreload E:\Shopizen\Authentication\models.py changed, reloading.
[2025-11-20 07:05:53,794] INFO django.utils.autoreload Watching for file changes with StatReloader
[2025-11-20 07:05:56,206] INFO django.utils.autoreload E:\Shopizen\Authentication\models.py changed, reloading.
[2025-11-20 07:05:56,685] INFO django.utils.autoreload Watching for file changes with StatReloader
[2025-11-20 07:05:59,074] INFO django.utils.autoreload E:\Shopizen\Authentication\models.py changed, reloading.
[2025-11-20 07:05:59,584] INFO django.utils.autoreload Watching for file changes with StatReloader
[2025-11-20 07:06:01,970] INFO django.utils.autoreload E:\Shopizen\Authentication\models.py changed, reloading.
[2025-11-20 07:06:02,490] INFO django.utils.autoreload Watching for file changes with StatReloader
[2025-11-20 07:06:08,031] INFO django.utils.autoreload E:\Shopizen\Authentication\models.py changed, reloading.
[2025-11-20 07:06:08,529] INFO django.utils.autoreload Watching for file changes with StatReloader
[2025-11-20 07:06:11,982] INFO django.utils.autoreload E:\Shopizen\Authentication\models.py changed, reloading.
[2025-11-20 07:06:12,471] INFO django.utils.autoreload Watching for file changes with StatReloader
[2025-11-20 07:06:15,943] INFO django.utils.autoreload E:\Shopizen\Authentication\models.py changed, reloading.
[2025-11-20 07:06:16,428] INFO django.utils.autoreload Watching for file changes with StatReloader
[2025-11-20 07:06:17,832] INFO django.utils.autoreload E:\Shopizen\Authentication\models.py changed, reloading.
[2025-11-20 07:06:18,325] INFO django.utils.autoreload Watching for file changes with StatReloader
[2025-11-20 07:06:20,734] INFO django.utils.autoreload E:\Shopizen\Authentication\models.py changed, reloading.
[2025-11-20 07:06:21,283] INFO django.utils.autoreload Watching for file changes with StatReloader
[2025-11-20 07:06:23,709] INFO django.utils.autoreload E:\Shopizen\Authentication\models.py changed, reloading.
[2025-11-20 07:06:24,205] INFO django.utils.autoreload Watching for file changes with StatReloader
[2025-11-20 07:06:27,649] INFO django.utils.autoreload E:\Shopizen\Authentication\models.py changed, reloading.
[2025-11-20 07:06:28,128] INFO django.utils.autoreload Watching for file changes with StatReloader
[2025-11-20 07:06:31,562] INFO django.utils.autoreload E:\Shopizen\Authentication\models.py changed, reloading.
[2025-11-20 07:06:32,036] INFO django.utils.autoreload Watching for file changes with StatReloader
[2025-11-20 07:06:35,496] INFO django.utils.autoreload E:\Shopizen\Authentication\models.py changed, reloading.
[2025-11-20 07:06:36,000] INFO django.utils.autoreload Watching for file changes with StatReloader
[2025-11-20 07:06:42,599] INFO django.utils.autoreload E:\Shopizen\user_shopizen\models.py changed, reloading.
[2025-11-20 07:06:43,151] INFO django.utils.autoreload Watching for file changes with StatReloader
[2025-11-20 07:06:45,560] INFO django.utils.autoreload E:\Shopizen\user_shopizen\models.py changed, reloading.
[2025-11-20 07:06:46,046] INFO django.utils.autoreload Watching for file changes with StatReloader
[2025-11-20 07:06:49,551] INFO django.utils.autoreload E:\Shopizen\user_shopizen\models.py changed, reloading.
[2025-11-20 07:06:50,058] INFO django.utils.autoreload Watching for file changes with StatReloader
[2025-11-20 07:06:52,463] INFO django.utils.autoreload E:\Shopizen\user_shopizen\models.py changed, reloading.
[2025-11-20 07:06:52,937] INFO django.utils.autoreload Watching for file changes with StatReloader
[2025-11-20 07:06:56,376] INFO django.utils.autoreload E:\Shopizen\user_shopizen\models.py changed, reloading.
[2025-11-20 07:06:56,983] INFO django.utils.autoreload Watching for file changes with StatReloader
[2025-11-20 07:07:00,424] INFO django.utils.autoreload E:\Shopizen\user_shopizen\models.py changed, reloading.
[2025-11-20 07:07:00,903] INFO django.utils.autoreload Watching for file changes with StatReloader
[2025-11-20 07:07:04,348] INFO django.utils.autoreload E:\Shopizen\user_shopizen\models.py changed, reloading.
[2025-11-20 07:07:04,834] INFO django.utils.autoreload Watching for file changes with StatReloader
[2025-11-20 07:07:07,227] INFO django.utils.autoreload E:\Shopizen\user_shopizen\models.py changed, reloading.
[2025-11-20 07:07:07,742] INFO django.utils.autoreload Watching for file changes with StatReloader
[2025-11-20 07:07:11,202] INFO django.utils.autoreload E:\Shopizen\user_shopizen\models.py changed, reloading.
[2025-11-20 07:07:11,687] INFO django.utils.autoreload Watching for file changes with StatReloader
[2025-11-20 07:07:14,127] INFO django.utils.autoreload E:\Shopizen\user_shopizen\models.py changed, reloading.
[2025-11-20 07:07:14,617] INFO django.utils.autoreload Watching for file changes with StatReloader
[2025-11-20 07:07:18,029] INFO django.utils.autoreload E:\Shopizen\user_shopizen\models.py changed, reloading.
[2025-11-20 07:07:18,518] INFO django.utils.autoreload Watching for file changes with StatReloader
[2025-11-20 07:07:21,940] INFO django.utils.autoreload E:\Shopizen\user_shopizen\models.py changed, reloading.
[2025-11-20 07:07:22,493] INFO django.utils.autoreload Watching for file changes with StatReloader
[2025-11-20 07:07:24,940] INFO django.utils.autoreload E:\Shopizen\user_shopizen\models.py changed, reloading.
[2025-11-20 07:07:25,434] INFO django.utils.autoreload Watching for file changes with StatReloader
[2025-11-20 07:07:28,860] INFO django.utils.autoreload E:\Shopizen\user_shopizen\models.py changed, reloading.
[2025-11-20 07:07:29,398] INFO django.utils.autoreload Watching for file changes with StatReloader
[2025-11-20 07:07:34,927] INFO django.utils.autoreload E:\Shopizen\user_shopizen\models.py changed, reloading.
[2025-11-20 07:07:35,418] INFO django.utils.autoreload Watching for file changes with StatReloader
[2025-11-20 07:07:38,887] INFO django.utils.autoreload E:\Shopizen\user_shopizen\models.py changed, reloading.
[2025-11-20 07:07:39,366] INFO django.utils.autoreload Watching for file changes with StatReloader
[2025-11-20 07:07:42,796] INFO django.utils.autoreload E:\Shopizen\user_shopizen\models.py changed, reloading.
[2025-11-20 07:07:43,303] INFO django.utils.autoreload Watching for file changes with StatReloader
[2025-11-20 07:07:45,710] INFO django.utils.autoreload E:\Shopizen\user_shopizen\models.py changed, reloading.
[2025-11-20 07:07:46,218] INFO django.utils.autoreload Watching for file changes with StatReloader
[2025-11-20 07:07:51,792] INFO django.utils.autoreload E:\Shopizen\user_shopizen\models.py changed, reloading.
[2025-11-20 07:07:52,342] INFO django.utils.autoreload Watching for file changes with StatReloader
[2025-11-20 07:07:54,823] INFO django.utils.autoreload E:\Shopizen\user_shopizen\models.py changed, reloading.
[2025-11-20 07:07:55,304] INFO django.utils.autoreload Watching for file changes with StatReloader
[2025-11-20 07:07:56,691] INFO django.utils.autoreload E:\Shopizen\user_shopizen\models.py changed, reloading.
[2025-11-20 07:07:57,215] INFO django.utils.autoreload Watching for file changes with StatReloader
[2025-11-20 07:08:00,657] INFO django.utils.autoreload E:\Shopizen\user_shopizen\models.py changed, reloading.
[2025-11-20 07:08:01,223] INFO django.utils.autoreload Watching for file changes with StatReloader
[2025-11-20 07:08:03,637] INFO django.utils.autoreload E:\Shopizen\user_shopizen\models.py changed, reloading.
[2025-11-20 07:08:04,180] INFO django.utils.autoreload Watching for file changes with StatReloader
[2025-11-20 07:08:07,643] INFO django.utils.autoreload E:\Shopizen\user_shopizen\models.py changed, reloading.
[2025-11-20 07:08:08,133] INFO django.utils.autoreload Watching for file changes with StatReloader
[2025-11-20 07:08:10,565] INFO django.utils.autoreload E:\Shopizen\user_shopizen\models.py changed, reloading.
[2025-11-20 07:08:11,085] INFO django.utils.autoreload Watching for file changes with StatReloader
[2025-11-20 07:08:59,151] ERROR core.exceptions Unhandled Exception: Manager isn't available; 'auth.User' has been swapped for 'Authentication.User'
Traceback (most recent call last):
  File "E:\Shopizen\.venv\Lib\site-packages\rest_framework\views.py", line 512, in dispatch
    response = handler(request, *args, **kwargs)
  File "E:\Shopizen\Authentication\views.py", line 24, in post
    user = serializer.save()
  File "E:\Shopizen\.venv\Lib\site-packages\rest_framework\serializers.py", line 210, in save
    self.instance = self.create(validated_data)
                    ~~~~~~~~~~~^^^^^^^^^^^^^^^^
  File "E:\Shopizen\Authentication\serializers.py", line 34, in create
    return User.objects.create_user(**validated_data)
           ^^^^^^^^^^^^
  File "E:\Shopizen\.venv\Lib\site-packages\django\db\models\manager.py", line 196, in __get__
    raise AttributeError(
    ...<5 lines>...
    )
AttributeError: Manager isn't available; 'auth.User' has been swapped for 'Authentication.User'
[2025-11-20 07:08:59,155] ERROR django.request Internal Server Error: /authentication/api/register/
[2025-11-20 07:08:59,155] ERROR django.server "POST /authentication/api/register/ HTTP/1.1" 500 101
[2025-11-20 07:09:29,181] ERROR core.exceptions Unhandled Exception: Manager isn't available; 'auth.User' has been swapped for 'Authentication.User'
Traceback (most recent call last):
  File "E:\Shopizen\.venv\Lib\site-packages\rest_framework\views.py", line 512, in dispatch
    response = handler(request, *args, **kwargs)
  File "E:\Shopizen\Authentication\views.py", line 24, in post
    user = serializer.save()
  File "E:\Shopizen\.venv\Lib\site-packages\rest_framework\serializers.py", line 210, in save
    self.instance = self.create(validated_data)
                    ~~~~~~~~~~~^^^^^^^^^^^^^^^^
  File "E:\Shopizen\Authentication\serializers.py", line 34, in create
    return User.objects.create_user(**validated_data)
           ^^^^^^^^^^^^
  File "E:\Shopizen\.venv\Lib\site-packages\django\db\models\manager.py", line 196, in __get__
    raise AttributeError(
    ...<5 lines>...
    )
AttributeError: Manager isn't available; 'auth.User' has been swapped for 'Authentication.User'
[2025-11-20 07:09:29,183] ERROR django.request Internal Server Error: /authentication/api/register/
[2025-11-20 07:09:29,184] ERROR django.server "POST /authentication/api/register/ HTTP/1.1" 500 101
[2025-11-20 07:11:36,918] INFO django.utils.autoreload E:\Shopizen\Authentication\admin.py changed, reloading.
[2025-11-20 07:11:37,438] INFO django.utils.autoreload Watching for file changes with StatReloader
[2025-11-20 07:11:54,724] INFO django.utils.autoreload E:\Shopizen\user_shopizen\admin.py changed, reloading.
[2025-11-20 07:11:55,227] INFO django.utils.autoreload Watching for file changes with StatReloader
[2025-11-20 07:12:08,111] INFO django.utils.autoreload E:\Shopizen\user_shopizen\models.py changed, reloading.
[2025-11-20 07:12:08,610] INFO django.utils.autoreload Watching for file changes with StatReloader
[2025-11-20 07:12:34,355] ERROR core.exceptions Unhandled Exception: Manager isn't available; 'auth.User' has been swapped for 'Authentication.User'
Traceback (most recent call last):
  File "E:\Shopizen\.venv\Lib\site-packages\rest_framework\views.py", line 512, in dispatch
    response = handler(request, *args, **kwargs)
  File "E:\Shopizen\Authentication\views.py", line 24, in post
    user = serializer.save()
  File "E:\Shopizen\.venv\Lib\site-packages\rest_framework\serializers.py", line 210, in save
    self.instance = self.create(validated_data)
                    ~~~~~~~~~~~^^^^^^^^^^^^^^^^
  File "E:\Shopizen\Authentication\serializers.py", line 34, in create
    return User.objects.create_user(**validated_data)
           ^^^^^^^^^^^^
  File "E:\Shopizen\.venv\Lib\site-packages\django\db\models\manager.py", line 196, in __get__
    raise AttributeError(
    ...<5 lines>...
    )
AttributeError: Manager isn't available; 'auth.User' has been swapped for 'Authentication.User'
[2025-11-20 07:12:34,359] ERROR django.request Internal Server Error: /authentication/api/register/
[2025-11-20 07:12:34,359] ERROR django.server "POST /authentication/api/register/ HTTP/1.1" 500 101
[2025-11-20 07:14:04,542] ERROR core.exceptions Unhandled Exception: Manager isn't available; 'auth.User' has been swapped for 'Authentication.User'
Traceback (most recent call last):
  File "E:\Shopizen\.venv\Lib\site-packages\rest_framework\views.py", line 512, in dispatch
    response = handler(request, *args, **kwargs)
  File "E:\Shopizen\Authentication\views.py", line 24, in post
    user = serializer.save()
  File "E:\Shopizen\.venv\Lib\site-packages\rest_framework\serializers.py", line 210, in save
    self.instance = self.create(validated_data)
                    ~~~~~~~~~~~^^^^^^^^^^^^^^^^
  File "E:\Shopizen\Authentication\serializers.py", line 34, in create
    return User.objects.create_user(**validated_data)
           ^^^^^^^^^^^^
  File "E:\Shopizen\.venv\Lib\site-packages\django\db\models\manager.py", line 196, in __get__
    raise AttributeError(
    ...<5 lines>...
    )
AttributeError: Manager isn't available; 'auth.User' has been swapped for 'Authentication.User'
[2025-11-20 07:14:04,544] ERROR django.request Internal Server Error: /authentication/api/register/
[2025-11-20 07:14:04,545] ERROR django.server "POST /authentication/api/register/ HTTP/1.1" 500 101
[2025-11-20 07:17:41,596] INFO django.utils.autoreload E:\Shopizen\Authentication\models.py changed, reloading.
[2025-11-20 07:17:42,108] INFO django.utils.autoreload Watching for file changes with StatReloader
[2025-11-20 07:18:11,206] INFO django.utils.autoreload E:\Shopizen\shopizen\settings.py changed, reloading.
[2025-11-20 07:18:11,702] INFO django.utils.autoreload Watching for file changes with StatReloader
[2025-11-20 07:18:19,162] INFO django.utils.autoreload E:\Shopizen\shopizen\settings.py changed, reloading.
[2025-11-20 07:18:19,631] INFO django.utils.autoreload Watching for file changes with StatReloader
[2025-11-20 07:18:28,346] INFO django.utils.autoreload E:\Shopizen\shopizen\settings.py changed, reloading.
[2025-11-20 07:18:28,881] INFO django.utils.autoreload Watching for file changes with StatReloader
[2025-11-20 07:19:24,464] INFO django.utils.autoreload E:\Shopizen\Authentication\models.py changed, reloading.
[2025-11-20 07:19:24,937] INFO django.utils.autoreload Watching for file changes with StatReloader
[2025-11-20 07:22:14,303] INFO django.utils.autoreload Watching for file changes with StatReloader
[2025-11-20 07:23:10,528] INFO django.utils.autoreload Watching for file changes with StatReloader
[2025-11-20 07:23:12,229] ERROR core.exceptions Unhandled Exception: Manager isn't available; 'auth.User' has been swapped for 'Authentication.User'
Traceback (most recent call last):
  File "E:\Shopizen\.venv\Lib\site-packages\rest_framework\views.py", line 512, in dispatch
    response = handler(request, *args, **kwargs)
  File "E:\Shopizen\Authentication\views.py", line 24, in post
    user = serializer.save()
  File "E:\Shopizen\.venv\Lib\site-packages\rest_framework\serializers.py", line 210, in save
    self.instance = self.create(validated_data)
                    ~~~~~~~~~~~^^^^^^^^^^^^^^^^
  File "E:\Shopizen\Authentication\serializers.py", line 34, in create
    return User.objects.create_user(**validated_data)
           ^^^^^^^^^^^^
  File "E:\Shopizen\.venv\Lib\site-packages\django\db\models\manager.py", line 196, in __get__
    raise AttributeError(
    ...<5 lines>...
    )
AttributeError: Manager isn't available; 'auth.User' has been swapped for 'Authentication.User'
[2025-11-20 07:23:12,242] ERROR django.request Internal Server Error: /authentication/api/register/
[2025-11-20 07:23:12,245] ERROR django.server "POST /authentication/api/register/ HTTP/1.1" 500 101
[2025-11-20 07:27:16,272] INFO django.utils.autoreload E:\Shopizen\Authentication\serializers.py changed, reloading.
[2025-11-20 07:27:16,751] INFO django.utils.autoreload Watching for file changes with StatReloader
[2025-11-20 07:27:59,668] INFO django.utils.autoreload E:\Shopizen\Authentication\serializers.py changed, reloading.
[2025-11-20 07:28:00,135] INFO django.utils.autoreload Watching for file changes with StatReloader
[2025-11-20 07:28:29,304] ERROR core.exceptions Unhandled Exception: Manager isn't available; 'auth.User' has been swapped for 'Authentication.User'
Traceback (most recent call last):
  File "E:\Shopizen\.venv\Lib\site-packages\rest_framework\views.py", line 512, in dispatch
    response = handler(request, *args, **kwargs)
  File "E:\Shopizen\Authentication\views.py", line 24, in post
    user = serializer.save()
  File "E:\Shopizen\.venv\Lib\site-packages\rest_framework\serializers.py", line 210, in save
    self.instance = self.create(validated_data)
                    ~~~~~~~~~~~^^^^^^^^^^^^^^^^
  File "E:\Shopizen\Authentication\serializers.py", line 36, in create
    user = User.objects.create_user(
           ^^^^^^^^^^^^
  File "E:\Shopizen\.venv\Lib\site-packages\django\db\models\manager.py", line 196, in __get__
    raise AttributeError(
    ...<5 lines>...
    )
AttributeError: Manager isn't available; 'auth.User' has been swapped for 'Authentication.User'
[2025-11-20 07:28:29,308] ERROR django.request Internal Server Error: /authentication/api/register/
[2025-11-20 07:28:29,309] ERROR django.server "POST /authentication/api/register/ HTTP/1.1" 500 101
[2025-11-20 07:28:48,642] INFO django.utils.autoreload Watching for file changes with StatReloader
[2025-11-20 07:28:55,611] ERROR core.exceptions Unhandled Exception: Manager isn't available; 'auth.User' has been swapped for 'Authentication.User'
Traceback (most recent call last):
  File "E:\Shopizen\.venv\Lib\site-packages\rest_framework\views.py", line 512, in dispatch
    response = handler(request, *args, **kwargs)
  File "E:\Shopizen\Authentication\views.py", line 24, in post
    user = serializer.save()
  File "E:\Shopizen\.venv\Lib\site-packages\rest_framework\serializers.py", line 210, in save
    self.instance = self.create(validated_data)
                    ~~~~~~~~~~~^^^^^^^^^^^^^^^^
  File "E:\Shopizen\Authentication\serializers.py", line 36, in create
    user = User.objects.create_user(
           ^^^^^^^^^^^^
  File "E:\Shopizen\.venv\Lib\site-packages\django\db\models\manager.py", line 196, in __get__
    raise AttributeError(
    ...<5 lines>...
    )
AttributeError: Manager isn't available; 'auth.User' has been swapped for 'Authentication.User'
[2025-11-20 07:28:55,616] ERROR django.request Internal Server Error: /authentication/api/register/
[2025-11-20 07:28:55,616] ERROR django.server "POST /authentication/api/register/ HTTP/1.1" 500 101
[2025-11-20 07:29:25,111] ERROR core.exceptions Unhandled Exception: Manager isn't available; 'auth.User' has been swapped for 'Authentication.User'
Traceback (most recent call last):
  File "E:\Shopizen\.venv\Lib\site-packages\rest_framework\views.py", line 512, in dispatch
    response = handler(request, *args, **kwargs)
  File "E:\Shopizen\Authentication\views.py", line 24, in post
    user = serializer.save()
  File "E:\Shopizen\.venv\Lib\site-packages\rest_framework\serializers.py", line 210, in save
    self.instance = self.create(validated_data)
                    ~~~~~~~~~~~^^^^^^^^^^^^^^^^
  File "E:\Shopizen\Authentication\serializers.py", line 36, in create
    user = User.objects.create_user(
           ^^^^^^^^^^^^
  File "E:\Shopizen\.venv\Lib\site-packages\django\db\models\manager.py", line 196, in __get__
    raise AttributeError(
    ...<5 lines>...
    )
AttributeError: Manager isn't available; 'auth.User' has been swapped for 'Authentication.User'
[2025-11-20 07:29:25,113] ERROR django.request Internal Server Error: /authentication/api/register/
[2025-11-20 07:29:25,115] ERROR django.server "POST /authentication/api/register/ HTTP/1.1" 500 101
[2025-11-20 07:30:23,556] INFO django.utils.autoreload E:\Shopizen\Authentication\serializers.py changed, reloading.
[2025-11-20 07:30:24,025] INFO django.utils.autoreload Watching for file changes with StatReloader
[2025-11-20 07:30:30,440] INFO django.utils.autoreload Watching for file changes with StatReloader
[2025-11-20 07:30:48,713] ERROR core.exceptions Unhandled Exception: Manager isn't available; 'auth.User' has been swapped for 'Authentication.User'
Traceback (most recent call last):
  File "E:\Shopizen\.venv\Lib\site-packages\rest_framework\views.py", line 512, in dispatch
    response = handler(request, *args, **kwargs)
  File "E:\Shopizen\Authentication\views.py", line 24, in post
    user = serializer.save()
  File "E:\Shopizen\.venv\Lib\site-packages\rest_framework\serializers.py", line 210, in save
    self.instance = self.create(validated_data)
                    ~~~~~~~~~~~^^^^^^^^^^^^^^^^
  File "E:\Shopizen\Authentication\serializers.py", line 33, in create
    user = User.objects.create_user(
           ^^^^^^^^^^^^
  File "E:\Shopizen\.venv\Lib\site-packages\django\db\models\manager.py", line 196, in __get__
    raise AttributeError(
    ...<5 lines>...
    )
AttributeError: Manager isn't available; 'auth.User' has been swapped for 'Authentication.User'
[2025-11-20 07:30:48,719] ERROR django.request Internal Server Error: /authentication/api/register/
[2025-11-20 07:30:48,719] ERROR django.server "POST /authentication/api/register/ HTTP/1.1" 500 101
[2025-11-20 07:31:50,491] ERROR core.exceptions Unhandled Exception: Manager isn't available; 'auth.User' has been swapped for 'Authentication.User'
Traceback (most recent call last):
  File "E:\Shopizen\.venv\Lib\site-packages\rest_framework\views.py", line 512, in dispatch
    response = handler(request, *args, **kwargs)
  File "E:\Shopizen\Authentication\views.py", line 24, in post
    user = serializer.save()
  File "E:\Shopizen\.venv\Lib\site-packages\rest_framework\serializers.py", line 210, in save
    self.instance = self.create(validated_data)
                    ~~~~~~~~~~~^^^^^^^^^^^^^^^^
  File "E:\Shopizen\Authentication\serializers.py", line 33, in create
    user = User.objects.create_user(
           ^^^^^^^^^^^^
  File "E:\Shopizen\.venv\Lib\site-packages\django\db\models\manager.py", line 196, in __get__
    raise AttributeError(
    ...<5 lines>...
    )
AttributeError: Manager isn't available; 'auth.User' has been swapped for 'Authentication.User'
[2025-11-20 07:31:50,493] ERROR django.request Internal Server Error: /authentication/api/register/
[2025-11-20 07:31:50,494] ERROR django.server "POST /authentication/api/register/ HTTP/1.1" 500 101
[2025-11-20 07:33:55,892] INFO django.utils.autoreload E:\Shopizen\Authentication\serializers.py changed, reloading.
[2025-11-20 07:33:56,375] INFO django.utils.autoreload Watching for file changes with StatReloader
[2025-11-20 07:34:08,521] INFO django.utils.autoreload Watching for file changes with StatReloader
[2025-11-20 07:34:13,049] INFO django.server "POST /authentication/api/register/ HTTP/1.1" 201 111
[2025-11-20 07:34:47,317] INFO django.server "POST /authentication/api/register/ HTTP/1.1" 201 117
[2025-11-20 07:43:50,761] INFO django.utils.autoreload E:\Shopizen\Authentication\serializers.py changed, reloading.
[2025-11-20 07:43:51,249] INFO django.utils.autoreload Watching for file changes with StatReloader
[2025-11-20 07:43:53,757] INFO django.utils.autoreload E:\Shopizen\Authentication\serializers.py changed, reloading.
[2025-11-20 07:43:54,250] INFO django.utils.autoreload Watching for file changes with StatReloader
[2025-11-20 07:43:56,543] INFO django.utils.autoreload E:\Shopizen\Authentication\serializers.py changed, reloading.
[2025-11-20 07:43:57,038] INFO django.utils.autoreload Watching for file changes with StatReloader
[2025-11-20 07:43:58,266] INFO django.utils.autoreload E:\Shopizen\Authentication\serializers.py changed, reloading.
[2025-11-20 07:43:58,721] INFO django.utils.autoreload Watching for file changes with StatReloader
[2025-11-20 07:44:00,030] INFO django.utils.autoreload E:\Shopizen\Authentication\serializers.py changed, reloading.
[2025-11-20 07:44:00,524] INFO django.utils.autoreload Watching for file changes with StatReloader
[2025-11-20 07:44:05,887] INFO django.utils.autoreload E:\Shopizen\Authentication\serializers.py changed, reloading.
[2025-11-20 07:44:06,341] INFO django.utils.autoreload Watching for file changes with StatReloader
[2025-11-20 07:48:39,790] INFO django.utils.autoreload Watching for file changes with StatReloader
[2025-11-20 07:48:53,995] INFO django.utils.autoreload E:\Shopizen\Authentication\serializers.py changed, reloading.
[2025-11-20 07:48:55,238] INFO django.utils.autoreload Watching for file changes with StatReloader
[2025-11-20 07:52:09,803] INFO django.utils.autoreload Watching for file changes with StatReloader
[2025-11-20 08:02:56,404] INFO django.utils.autoreload Watching for file changes with StatReloader
[2025-11-20 08:05:03,814] INFO django.server "POST /authentication/api/register/ HTTP/1.1" 201 104
[2025-11-20 08:07:33,121] INFO django.server "OPTIONS /authentication/api/login/ HTTP/1.1" 200 0
[2025-11-20 08:07:33,992] ERROR core.exceptions Unhandled Exception: 'User' object has no attribute 'username'
Traceback (most recent call last):
  File "E:\Shopizen\.venv\Lib\site-packages\rest_framework\views.py", line 512, in dispatch
    response = handler(request, *args, **kwargs)
  File "E:\Shopizen\Authentication\views.py", line 80, in post
    "username": user.username,
                ^^^^^^^^^^^^^
AttributeError: 'User' object has no attribute 'username'
[2025-11-20 08:07:33,995] ERROR django.request Internal Server Error: /authentication/api/login/
[2025-11-20 08:07:33,996] ERROR django.server "POST /authentication/api/login/ HTTP/1.1" 500 101
[2025-11-20 08:10:03,111] INFO django.utils.autoreload E:\Shopizen\Authentication\views.py changed, reloading.
[2025-11-20 08:10:03,634] INFO django.utils.autoreload Watching for file changes with StatReloader
[2025-11-20 08:10:56,143] ERROR core.exceptions Unhandled Exception: 'User' object has no attribute 'username'
Traceback (most recent call last):
  File "E:\Shopizen\.venv\Lib\site-packages\rest_framework\views.py", line 512, in dispatch
    response = handler(request, *args, **kwargs)
  File "E:\Shopizen\Authentication\views.py", line 80, in post
    "username": user.username,
                ^^^^^^^^^^^^^
AttributeError: 'User' object has no attribute 'username'
[2025-11-20 08:10:56,151] ERROR django.request Internal Server Error: /authentication/api/login/
[2025-11-20 08:10:56,153] ERROR django.server "POST /authentication/api/login/ HTTP/1.1" 500 101
[2025-11-20 08:11:46,417] ERROR core.exceptions Unhandled Exception: 'User' object has no attribute 'username'
Traceback (most recent call last):
  File "E:\Shopizen\.venv\Lib\site-packages\rest_framework\views.py", line 512, in dispatch
    response = handler(request, *args, **kwargs)
  File "E:\Shopizen\Authentication\views.py", line 80, in post
    "username": user.username,
                ^^^^^^^^^^^^^
AttributeError: 'User' object has no attribute 'username'
[2025-11-20 08:11:46,418] ERROR django.request Internal Server Error: /authentication/api/login/
[2025-11-20 08:11:46,419] ERROR django.server "POST /authentication/api/login/ HTTP/1.1" 500 101
[2025-11-20 08:12:32,432] ERROR core.exceptions Unhandled Exception: 'User' object has no attribute 'username'
Traceback (most recent call last):
  File "E:\Shopizen\.venv\Lib\site-packages\rest_framework\views.py", line 512, in dispatch
    response = handler(request, *args, **kwargs)
  File "E:\Shopizen\Authentication\views.py", line 80, in post
    "username": user.username,
                ^^^^^^^^^^^^^
AttributeError: 'User' object has no attribute 'username'
[2025-11-20 08:12:32,433] ERROR django.request Internal Server Error: /authentication/api/login/
[2025-11-20 08:12:32,434] ERROR django.server "POST /authentication/api/login/ HTTP/1.1" 500 101
[2025-11-20 08:13:16,797] INFO django.utils.autoreload E:\Shopizen\Authentication\serializers.py changed, reloading.
[2025-11-20 08:13:17,265] INFO django.utils.autoreload Watching for file changes with StatReloader
[2025-11-20 08:13:22,108] ERROR core.exceptions Unhandled Exception: 'User' object has no attribute 'username'
Traceback (most recent call last):
  File "E:\Shopizen\.venv\Lib\site-packages\rest_framework\views.py", line 512, in dispatch
    response = handler(request, *args, **kwargs)
  File "E:\Shopizen\Authentication\views.py", line 80, in post
    "username": user.username,
                ^^^^^^^^^^^^^
AttributeError: 'User' object has no attribute 'username'
[2025-11-20 08:13:22,111] ERROR django.request Internal Server Error: /authentication/api/login/
[2025-11-20 08:13:22,111] ERROR django.server "POST /authentication/api/login/ HTTP/1.1" 500 101
[2025-11-20 08:13:26,814] INFO django.utils.autoreload E:\Shopizen\Authentication\serializers.py changed, reloading.
[2025-11-20 08:13:27,289] INFO django.utils.autoreload Watching for file changes with StatReloader
[2025-11-20 08:16:45,403] INFO django.utils.autoreload E:\Shopizen\Authentication\serializers.py changed, reloading.
[2025-11-20 08:16:46,301] INFO django.utils.autoreload Watching for file changes with StatReloader
[2025-11-20 08:17:03,863] INFO django.utils.autoreload E:\Shopizen\Authentication\views.py changed, reloading.
[2025-11-20 08:17:04,338] INFO django.utils.autoreload Watching for file changes with StatReloader
[2025-11-20 08:20:57,149] INFO django.utils.autoreload Watching for file changes with StatReloader
[2025-11-20 08:22:05,959] INFO django.server "POST /authentication/api/login/ HTTP/1.1" 200 581
[2025-11-20 08:24:02,329] INFO django.utils.autoreload E:\Shopizen\Authentication\models.py changed, reloading.
[2025-11-20 08:24:02,840] INFO django.utils.autoreload Watching for file changes with StatReloader
[2025-11-20 08:24:23,026] INFO django.utils.autoreload E:\Shopizen\Authentication\serializers.py changed, reloading.
[2025-11-20 08:24:23,497] INFO django.utils.autoreload Watching for file changes with StatReloader
[2025-11-20 08:24:52,458] INFO django.utils.autoreload E:\Shopizen\Authentication\views.py changed, reloading.
[2025-11-20 08:24:52,956] INFO django.utils.autoreload Watching for file changes with StatReloader
[2025-11-20 08:25:28,307] INFO django.utils.autoreload E:\Shopizen\Authentication\views.py changed, reloading.
[2025-11-20 08:25:28,779] INFO django.utils.autoreload Watching for file changes with StatReloader
[2025-11-20 08:25:57,403] INFO django.utils.autoreload E:\Shopizen\Authentication\views.py changed, reloading.
[2025-11-20 08:25:57,927] INFO django.utils.autoreload Watching for file changes with StatReloader
[2025-11-20 08:26:41,234] INFO django.utils.autoreload E:\Shopizen\Authentication\urls.py changed, reloading.
[2025-11-20 08:26:43,130] INFO django.utils.autoreload Watching for file changes with StatReloader
[2025-11-20 08:26:50,880] INFO django.utils.autoreload E:\Shopizen\Authentication\urls.py changed, reloading.
[2025-11-20 08:26:52,948] INFO django.utils.autoreload Watching for file changes with StatReloader
[2025-11-20 08:27:05,793] INFO django.utils.autoreload E:\Shopizen\Authentication\urls.py changed, reloading.
[2025-11-20 08:27:06,249] INFO django.utils.autoreload Watching for file changes with StatReloader
[2025-11-20 08:27:16,997] INFO django.utils.autoreload E:\Shopizen\Authentication\urls.py changed, reloading.
[2025-11-20 08:27:17,544] INFO django.utils.autoreload Watching for file changes with StatReloader
[2025-11-20 08:27:36,130] INFO django.utils.autoreload Watching for file changes with StatReloader
[2025-11-20 08:27:51,430] INFO django.server "OPTIONS /authentication/sendotp/ HTTP/1.1" 200 0
[2025-11-20 08:27:51,434] ERROR core.exceptions Unhandled Exception: Manager isn't available; 'auth.User' has been swapped for 'Authentication.User'
Traceback (most recent call last):
  File "E:\Shopizen\.venv\Lib\site-packages\rest_framework\views.py", line 512, in dispatch
    response = handler(request, *args, **kwargs)
  File "E:\Shopizen\Authentication\views.py", line 64, in post
    user = User.objects.get(phone_number=phone_number)
           ^^^^^^^^^^^^
  File "E:\Shopizen\.venv\Lib\site-packages\django\db\models\manager.py", line 196, in __get__
    raise AttributeError(
    ...<5 lines>...
    )
AttributeError: Manager isn't available; 'auth.User' has been swapped for 'Authentication.User'
[2025-11-20 08:27:51,574] ERROR django.request Internal Server Error: /authentication/sendotp/
[2025-11-20 08:27:51,578] ERROR django.server "POST /authentication/sendotp/ HTTP/1.1" 500 101
[2025-11-20 08:30:31,463] ERROR core.exceptions Unhandled Exception: Manager isn't available; 'auth.User' has been swapped for 'Authentication.User'
Traceback (most recent call last):
  File "E:\Shopizen\.venv\Lib\site-packages\rest_framework\views.py", line 512, in dispatch
    response = handler(request, *args, **kwargs)
  File "E:\Shopizen\Authentication\views.py", line 64, in post
    user = User.objects.get(phone_number=phone_number)
           ^^^^^^^^^^^^
  File "E:\Shopizen\.venv\Lib\site-packages\django\db\models\manager.py", line 196, in __get__
    raise AttributeError(
    ...<5 lines>...
    )
AttributeError: Manager isn't available; 'auth.User' has been swapped for 'Authentication.User'
[2025-11-20 08:30:31,465] ERROR django.request Internal Server Error: /authentication/sendotp/
[2025-11-20 08:30:31,466] ERROR django.server "POST /authentication/sendotp/ HTTP/1.1" 500 101
[2025-11-20 08:30:32,912] ERROR core.exceptions Unhandled Exception: Manager isn't available; 'auth.User' has been swapped for 'Authentication.User'
Traceback (most recent call last):
  File "E:\Shopizen\.venv\Lib\site-packages\rest_framework\views.py", line 512, in dispatch
    response = handler(request, *args, **kwargs)
  File "E:\Shopizen\Authentication\views.py", line 64, in post
    user = User.objects.get(phone_number=phone_number)
           ^^^^^^^^^^^^
  File "E:\Shopizen\.venv\Lib\site-packages\django\db\models\manager.py", line 196, in __get__
    raise AttributeError(
    ...<5 lines>...
    )
AttributeError: Manager isn't available; 'auth.User' has been swapped for 'Authentication.User'
[2025-11-20 08:30:32,913] ERROR django.request Internal Server Error: /authentication/sendotp/
[2025-11-20 08:30:32,914] ERROR django.server "POST /authentication/sendotp/ HTTP/1.1" 500 101
[2025-11-20 08:30:33,151] ERROR core.exceptions Unhandled Exception: Manager isn't available; 'auth.User' has been swapped for 'Authentication.User'
Traceback (most recent call last):
  File "E:\Shopizen\.venv\Lib\site-packages\rest_framework\views.py", line 512, in dispatch
    response = handler(request, *args, **kwargs)
  File "E:\Shopizen\Authentication\views.py", line 64, in post
    user = User.objects.get(phone_number=phone_number)
           ^^^^^^^^^^^^
  File "E:\Shopizen\.venv\Lib\site-packages\django\db\models\manager.py", line 196, in __get__
    raise AttributeError(
    ...<5 lines>...
    )
AttributeError: Manager isn't available; 'auth.User' has been swapped for 'Authentication.User'
[2025-11-20 08:30:33,153] ERROR django.request Internal Server Error: /authentication/sendotp/
[2025-11-20 08:30:33,153] ERROR django.server "POST /authentication/sendotp/ HTTP/1.1" 500 101
[2025-11-20 08:34:12,034] INFO django.utils.autoreload E:\Shopizen\Authentication\models.py changed, reloading.
[2025-11-20 08:34:12,603] INFO django.utils.autoreload Watching for file changes with StatReloader
[2025-11-20 08:34:17,130] INFO django.utils.autoreload E:\Shopizen\Authentication\models.py changed, reloading.
[2025-11-20 08:34:17,631] INFO django.utils.autoreload Watching for file changes with StatReloader
[2025-11-20 08:34:18,919] INFO django.utils.autoreload E:\Shopizen\Authentication\models.py changed, reloading.
[2025-11-20 08:34:19,401] INFO django.utils.autoreload Watching for file changes with StatReloader
[2025-11-20 08:34:20,794] INFO django.utils.autoreload E:\Shopizen\Authentication\models.py changed, reloading.
[2025-11-20 08:34:21,408] INFO django.utils.autoreload Watching for file changes with StatReloader
[2025-11-20 08:34:25,819] INFO django.utils.autoreload E:\Shopizen\Authentication\models.py changed, reloading.
[2025-11-20 08:34:26,314] INFO django.utils.autoreload Watching for file changes with StatReloader
[2025-11-20 08:34:28,689] INFO django.utils.autoreload E:\Shopizen\Authentication\models.py changed, reloading.
[2025-11-20 08:34:29,166] INFO django.utils.autoreload Watching for file changes with StatReloader
[2025-11-20 08:34:33,643] INFO django.utils.autoreload E:\Shopizen\Authentication\models.py changed, reloading.
[2025-11-20 08:34:34,107] INFO django.utils.autoreload Watching for file changes with StatReloader
[2025-11-20 08:34:37,529] INFO django.utils.autoreload E:\Shopizen\Authentication\models.py changed, reloading.
[2025-11-20 08:34:38,023] INFO django.utils.autoreload Watching for file changes with StatReloader
[2025-11-20 08:34:41,508] INFO django.utils.autoreload E:\Shopizen\Authentication\models.py changed, reloading.
[2025-11-20 08:34:42,001] INFO django.utils.autoreload Watching for file changes with StatReloader
[2025-11-20 08:38:03,223] INFO django.utils.autoreload E:\Shopizen\Authentication\views.py changed, reloading.
[2025-11-20 08:38:03,944] INFO django.utils.autoreload Watching for file changes with StatReloader
[2025-11-20 08:38:15,199] INFO django.utils.autoreload E:\Shopizen\Authentication\views.py changed, reloading.
[2025-11-20 08:38:15,671] INFO django.utils.autoreload Watching for file changes with StatReloader
[2025-11-20 08:38:22,989] ERROR core.exceptions Unhandled Exception: Manager isn't available; 'auth.User' has been swapped for 'Authentication.User'
Traceback (most recent call last):
  File "E:\Shopizen\.venv\Lib\site-packages\rest_framework\views.py", line 512, in dispatch
    response = handler(request, *args, **kwargs)
  File "E:\Shopizen\Authentication\views.py", line 74, in post
    user = User.objects.get(phone_number=phone_number_digits)
           ^^^^^^^^^^^^
  File "E:\Shopizen\.venv\Lib\site-packages\django\db\models\manager.py", line 196, in __get__
    raise AttributeError(
    ...<5 lines>...
    )
AttributeError: Manager isn't available; 'auth.User' has been swapped for 'Authentication.User'
[2025-11-20 08:38:22,994] ERROR django.request Internal Server Error: /authentication/sendotp/
[2025-11-20 08:38:22,995] ERROR django.server "POST /authentication/sendotp/ HTTP/1.1" 500 101
[2025-11-20 08:39:09,390] INFO django.utils.autoreload E:\Shopizen\Authentication\views.py changed, reloading.
[2025-11-20 08:39:09,862] INFO django.utils.autoreload Watching for file changes with StatReloader
[2025-11-20 08:39:12,347] INFO django.utils.autoreload E:\Shopizen\Authentication\views.py changed, reloading.
[2025-11-20 08:39:13,329] INFO django.utils.autoreload Watching for file changes with StatReloader
[2025-11-20 08:39:30,194] INFO django.utils.autoreload E:\Shopizen\Authentication\views.py changed, reloading.
[2025-11-20 08:39:30,690] INFO django.utils.autoreload Watching for file changes with StatReloader
[2025-11-20 08:39:36,323] INFO django.utils.autoreload E:\Shopizen\Authentication\views.py changed, reloading.
[2025-11-20 08:39:36,805] INFO django.utils.autoreload Watching for file changes with StatReloader
[2025-11-20 08:39:49,879] ERROR core.exceptions Unhandled Exception: Manager isn't available; 'auth.User' has been swapped for 'Authentication.User'
Traceback (most recent call last):
  File "E:\Shopizen\.venv\Lib\site-packages\rest_framework\views.py", line 512, in dispatch
    response = handler(request, *args, **kwargs)
  File "E:\Shopizen\Authentication\views.py", line 73, in post
    user = User.objects.get(phone_number=phone_number_digits)
           ^^^^^^^^^^^^
  File "E:\Shopizen\.venv\Lib\site-packages\django\db\models\manager.py", line 196, in __get__
    raise AttributeError(
    ...<5 lines>...
    )
AttributeError: Manager isn't available; 'auth.User' has been swapped for 'Authentication.User'
[2025-11-20 08:39:49,883] ERROR django.request Internal Server Error: /authentication/sendotp/
[2025-11-20 08:39:49,883] ERROR django.server "POST /authentication/sendotp/ HTTP/1.1" 500 101
[2025-11-20 08:40:24,359] INFO django.utils.autoreload E:\Shopizen\Authentication\views.py changed, reloading.
[2025-11-20 08:40:24,847] INFO django.utils.autoreload Watching for file changes with StatReloader
[2025-11-20 08:40:33,323] INFO django.server "POST /authentication/sendotp/ HTTP/1.1" 200 35
[2025-11-20 08:40:58,521] INFO django.server "OPTIONS /authentication/verifyotp/ HTTP/1.1" 200 0
[2025-11-20 08:40:58,527] INFO django.server "POST /authentication/verifyotp/ HTTP/1.1" 200 101
[2025-11-20 08:49:14,106] INFO django.server "POST /authentication/api/login/ HTTP/1.1" 200 581
[2025-11-20 11:22:26,917] INFO django.utils.autoreload Watching for file changes with StatReloader
[2025-11-20 11:28:17,563] INFO django.server "GET /user/api/products/ HTTP/1.1" 200 2
[2025-11-20 11:28:17,576] INFO django.server "GET /user/api/products/ HTTP/1.1" 200 2
[2025-11-20 11:28:17,865] INFO django.server "GET /user/api/products/ HTTP/1.1" 200 2
[2025-11-20 11:28:17,875] INFO django.server "GET /user/api/products/ HTTP/1.1" 200 2
[2025-11-20 11:28:25,694] INFO django.server "OPTIONS /authentication/api/login/ HTTP/1.1" 200 0
[2025-11-20 11:28:26,603] ERROR core.exceptions LoginView: {'non_field_errors': [ErrorDetail(string='Invalid email or password', code='invalid')]}
[2025-11-20 11:28:26,606] WARNING django.request Bad Request: /authentication/api/login/
[2025-11-20 11:28:26,608] WARNING django.server "POST /authentication/api/login/ HTTP/1.1" 400 94
[2025-11-20 11:28:46,016] ERROR core.exceptions LoginView: {'non_field_errors': [ErrorDetail(string='Invalid email or password', code='invalid')]}
[2025-11-20 11:28:46,017] WARNING django.request Bad Request: /authentication/api/login/
[2025-11-20 11:28:46,018] WARNING django.server "POST /authentication/api/login/ HTTP/1.1" 400 94
[2025-11-20 11:29:04,344] INFO django.server "POST /authentication/api/login/ HTTP/1.1" 200 581
[2025-11-20 11:29:06,622] INFO django.server "GET /user/api/products/ HTTP/1.1" 200 2
[2025-11-20 11:29:06,627] INFO django.server "GET /user/api/products/ HTTP/1.1" 200 2
[2025-11-20 11:29:06,952] INFO django.server "GET /user/api/products/ HTTP/1.1" 200 2
[2025-11-20 11:29:06,957] INFO django.server "GET /user/api/products/ HTTP/1.1" 200 2
[2025-11-20 11:32:18,847] INFO django.server "OPTIONS /authentication/api/login/ HTTP/1.1" 200 0
[2025-11-20 11:32:19,855] INFO django.server "POST /authentication/api/login/ HTTP/1.1" 200 581
[2025-11-20 11:32:26,240] INFO django.server "GET /user/api/products/ HTTP/1.1" 200 2
[2025-11-20 11:32:26,245] INFO django.server "GET /user/api/products/ HTTP/1.1" 200 2
[2025-11-20 11:32:26,561] INFO django.server "GET /user/api/products/ HTTP/1.1" 200 2
[2025-11-20 11:32:26,565] INFO django.server "GET /user/api/products/ HTTP/1.1" 200 2
[2025-11-20 11:32:29,102] INFO django.server "GET /user/api/products/ HTTP/1.1" 200 2
[2025-11-20 11:32:29,109] INFO django.server "GET /user/api/products/ HTTP/1.1" 200 2
[2025-11-20 11:32:29,430] INFO django.server "GET /user/api/products/ HTTP/1.1" 200 2
[2025-11-20 11:32:29,436] INFO django.server "GET /user/api/products/ HTTP/1.1" 200 2
[2025-11-20 11:35:05,905] INFO django.utils.autoreload E:\Shopizen\Authentication\serializers.py changed, reloading.
[2025-11-20 11:35:06,472] INFO django.utils.autoreload Watching for file changes with StatReloader
[2025-11-20 11:35:14,382] INFO django.utils.autoreload E:\Shopizen\Authentication\serializers.py changed, reloading.
[2025-11-20 11:35:14,918] INFO django.utils.autoreload Watching for file changes with StatReloader
[2025-11-20 11:35:26,787] INFO django.utils.autoreload E:\Shopizen\Authentication\serializers.py changed, reloading.
[2025-11-20 11:35:27,945] INFO django.utils.autoreload Watching for file changes with StatReloader
[2025-11-20 11:35:36,353] INFO django.utils.autoreload E:\Shopizen\Authentication\views.py changed, reloading.
[2025-11-20 11:35:36,844] INFO django.utils.autoreload Watching for file changes with StatReloader
[2025-11-20 11:35:44,546] INFO django.utils.autoreload E:\Shopizen\Authentication\views.py changed, reloading.
[2025-11-20 11:35:45,044] INFO django.utils.autoreload Watching for file changes with StatReloader
[2025-11-20 11:35:47,488] INFO django.utils.autoreload E:\Shopizen\Authentication\views.py changed, reloading.
[2025-11-20 11:35:47,946] INFO django.utils.autoreload Watching for file changes with StatReloader
[2025-11-20 11:35:49,340] INFO django.utils.autoreload E:\Shopizen\Authentication\views.py changed, reloading.
[2025-11-20 11:35:49,805] INFO django.utils.autoreload Watching for file changes with StatReloader
[2025-11-20 11:35:51,235] INFO django.utils.autoreload E:\Shopizen\Authentication\views.py changed, reloading.
[2025-11-20 11:35:51,730] INFO django.utils.autoreload Watching for file changes with StatReloader
[2025-11-20 11:36:01,460] INFO django.utils.autoreload E:\Shopizen\Authentication\views.py changed, reloading.
[2025-11-20 11:36:03,444] INFO django.utils.autoreload Watching for file changes with StatReloader
[2025-11-20 11:36:14,737] INFO django.utils.autoreload E:\Shopizen\Authentication\urls.py changed, reloading.
[2025-11-20 11:36:15,259] INFO django.utils.autoreload Watching for file changes with StatReloader
[2025-11-20 11:36:34,546] INFO django.utils.autoreload E:\Shopizen\Authentication\urls.py changed, reloading.
[2025-11-20 11:36:35,052] INFO django.utils.autoreload Watching for file changes with StatReloader
[2025-11-20 11:37:30,380] INFO django.utils.autoreload E:\Shopizen\Authentication\views.py changed, reloading.
[2025-11-20 11:37:30,885] INFO django.utils.autoreload Watching for file changes with StatReloader
[2025-11-20 11:37:45,693] INFO django.utils.autoreload E:\Shopizen\Authentication\views.py changed, reloading.
[2025-11-20 11:37:46,213] INFO django.utils.autoreload Watching for file changes with StatReloader
[2025-11-20 11:38:04,299] INFO django.utils.autoreload E:\Shopizen\Authentication\views.py changed, reloading.
[2025-11-20 11:38:04,794] INFO django.utils.autoreload Watching for file changes with StatReloader
