[2025-11-22 08:21:00,166] INFO django.utils.autoreload Watching for file changes with StatReloader
[2025-11-22 08:33:56,919] INFO django.server "GET /user/api/products/ HTTP/1.1" 200 2
[2025-11-22 08:33:56,930] INFO django.server "GET /user/api/products/ HTTP/1.1" 200 2
[2025-11-22 08:33:57,206] INFO django.server "GET /user/api/products/ HTTP/1.1" 200 2
[2025-11-22 08:33:57,213] INFO django.server "GET /user/api/products/ HTTP/1.1" 200 2
[2025-11-22 08:38:55,512] INFO django.utils.autoreload E:\Shopizen\user_shopizen\models.py changed, reloading.
[2025-11-22 08:38:57,749] INFO django.utils.autoreload Watching for file changes with StatReloader
[2025-11-22 08:39:06,149] INFO django.utils.autoreload E:\Shopizen\user_shopizen\models.py changed, reloading.
[2025-11-22 08:39:06,759] INFO django.utils.autoreload Watching for file changes with StatReloader
[2025-11-22 08:39:50,395] INFO django.utils.autoreload E:\Shopizen\user_shopizen\models.py changed, reloading.
[2025-11-22 08:39:50,898] INFO django.utils.autoreload Watching for file changes with StatReloader
[2025-11-22 08:40:20,519] INFO django.utils.autoreload E:\Shopizen\user_shopizen\models.py changed, reloading.
[2025-11-22 08:40:21,140] INFO django.utils.autoreload Watching for file changes with StatReloader
[2025-11-22 08:40:55,977] INFO django.utils.autoreload E:\Shopizen\user_shopizen\models.py changed, reloading.
[2025-11-22 08:40:56,495] INFO django.utils.autoreload Watching for file changes with StatReloader
[2025-11-22 08:41:06,557] INFO django.utils.autoreload E:\Shopizen\user_shopizen\models.py changed, reloading.
[2025-11-22 08:41:07,095] INFO django.utils.autoreload Watching for file changes with StatReloader
[2025-11-22 08:41:16,205] INFO django.utils.autoreload E:\Shopizen\user_shopizen\models.py changed, reloading.
[2025-11-22 08:41:16,753] INFO django.utils.autoreload Watching for file changes with StatReloader
[2025-11-22 08:41:18,097] INFO django.utils.autoreload E:\Shopizen\user_shopizen\models.py changed, reloading.
[2025-11-22 08:41:18,601] INFO django.utils.autoreload Watching for file changes with StatReloader
[2025-11-22 08:42:02,023] INFO django.utils.autoreload E:\Shopizen\user_shopizen\models.py changed, reloading.
[2025-11-22 08:42:03,977] INFO django.utils.autoreload Watching for file changes with StatReloader
[2025-11-22 08:42:25,503] INFO django.utils.autoreload E:\Shopizen\user_shopizen\models.py changed, reloading.
[2025-11-22 08:42:26,235] INFO django.utils.autoreload Watching for file changes with StatReloader
[2025-11-22 08:42:58,704] INFO django.utils.autoreload E:\Shopizen\user_shopizen\models.py changed, reloading.
[2025-11-22 08:42:59,192] INFO django.utils.autoreload Watching for file changes with StatReloader
[2025-11-22 08:55:51,981] INFO django.utils.autoreload E:\Shopizen\user_shopizen\admin.py changed, reloading.
[2025-11-22 08:55:52,489] INFO django.utils.autoreload Watching for file changes with StatReloader
[2025-11-22 08:55:53,839] INFO django.utils.autoreload E:\Shopizen\user_shopizen\admin.py changed, reloading.
[2025-11-22 08:55:54,339] INFO django.utils.autoreload Watching for file changes with StatReloader
[2025-11-22 08:56:01,842] INFO django.utils.autoreload E:\Shopizen\user_shopizen\admin.py changed, reloading.
[2025-11-22 08:56:02,327] INFO django.utils.autoreload Watching for file changes with StatReloader
[2025-11-22 09:05:29,852] INFO django.utils.autoreload Watching for file changes with StatReloader
[2025-11-22 09:06:31,399] INFO django.utils.autoreload E:\Shopizen\user_shopizen\admin.py changed, reloading.
[2025-11-22 09:06:31,890] INFO django.utils.autoreload Watching for file changes with StatReloader
[2025-11-22 09:06:40,486] INFO django.utils.autoreload E:\Shopizen\user_shopizen\admin.py changed, reloading.
[2025-11-22 09:06:40,985] INFO django.utils.autoreload Watching for file changes with StatReloader
[2025-11-22 09:07:29,941] INFO django.utils.autoreload E:\Shopizen\user_shopizen\admin.py changed, reloading.
[2025-11-22 09:07:30,428] INFO django.utils.autoreload Watching for file changes with StatReloader
[2025-11-22 09:08:01,759] INFO django.utils.autoreload Watching for file changes with StatReloader
[2025-11-22 09:09:30,531] INFO django.utils.autoreload E:\Shopizen\user_shopizen\admin.py changed, reloading.
[2025-11-22 09:09:31,011] INFO django.utils.autoreload Watching for file changes with StatReloader
[2025-11-22 09:09:32,335] INFO django.utils.autoreload E:\Shopizen\user_shopizen\admin.py changed, reloading.
[2025-11-22 09:09:32,810] INFO django.utils.autoreload Watching for file changes with StatReloader
[2025-11-22 09:09:35,197] INFO django.utils.autoreload E:\Shopizen\user_shopizen\admin.py changed, reloading.
[2025-11-22 09:09:35,697] INFO django.utils.autoreload Watching for file changes with StatReloader
[2025-11-22 09:09:41,168] INFO django.utils.autoreload E:\Shopizen\user_shopizen\admin.py changed, reloading.
[2025-11-22 09:09:41,636] INFO django.utils.autoreload Watching for file changes with StatReloader
[2025-11-22 09:10:14,523] INFO django.utils.autoreload E:\Shopizen\user_shopizen\admin.py changed, reloading.
[2025-11-22 09:10:15,026] INFO django.utils.autoreload Watching for file changes with StatReloader
[2025-11-22 09:10:30,665] INFO django.utils.autoreload Watching for file changes with StatReloader
[2025-11-22 09:11:20,208] INFO django.utils.autoreload Watching for file changes with StatReloader
[2025-11-22 09:12:12,655] INFO django.utils.autoreload E:\Shopizen\user_shopizen\admin.py changed, reloading.
[2025-11-22 09:12:13,135] INFO django.utils.autoreload Watching for file changes with StatReloader
[2025-11-22 09:12:17,509] INFO django.utils.autoreload E:\Shopizen\user_shopizen\admin.py changed, reloading.
[2025-11-22 09:12:17,967] INFO django.utils.autoreload Watching for file changes with StatReloader
[2025-11-22 09:12:26,712] INFO django.utils.autoreload Watching for file changes with StatReloader
[2025-11-22 09:13:14,250] INFO django.utils.autoreload E:\Shopizen\user_shopizen\admin.py changed, reloading.
[2025-11-22 09:13:14,754] INFO django.utils.autoreload Watching for file changes with StatReloader
[2025-11-22 09:13:16,036] INFO django.utils.autoreload E:\Shopizen\user_shopizen\admin.py changed, reloading.
[2025-11-22 09:13:16,505] INFO django.utils.autoreload Watching for file changes with StatReloader
[2025-11-22 09:13:26,046] INFO django.utils.autoreload E:\Shopizen\user_shopizen\admin.py changed, reloading.
[2025-11-22 09:13:26,508] INFO django.utils.autoreload Watching for file changes with StatReloader
[2025-11-22 09:13:31,969] INFO django.utils.autoreload E:\Shopizen\user_shopizen\admin.py changed, reloading.
[2025-11-22 09:13:32,432] INFO django.utils.autoreload Watching for file changes with StatReloader
[2025-11-22 09:14:46,535] INFO django.utils.autoreload E:\Shopizen\user_shopizen\models.py changed, reloading.
[2025-11-22 09:14:47,018] INFO django.utils.autoreload Watching for file changes with StatReloader
[2025-11-22 09:15:04,893] INFO django.utils.autoreload E:\Shopizen\user_shopizen\models.py changed, reloading.
[2025-11-22 09:15:05,402] INFO django.utils.autoreload Watching for file changes with StatReloader
[2025-11-22 09:15:11,906] INFO django.utils.autoreload E:\Shopizen\user_shopizen\admin.py changed, reloading.
[2025-11-22 09:15:12,380] INFO django.utils.autoreload Watching for file changes with StatReloader
[2025-11-22 09:15:31,658] INFO django.utils.autoreload E:\Shopizen\user_shopizen\models.py changed, reloading.
[2025-11-22 09:15:32,119] INFO django.utils.autoreload Watching for file changes with StatReloader
[2025-11-22 09:16:14,482] INFO django.utils.autoreload E:\Shopizen\user_shopizen\serializers.py changed, reloading.
[2025-11-22 09:16:14,950] INFO django.utils.autoreload Watching for file changes with StatReloader
[2025-11-22 09:16:20,426] INFO django.utils.autoreload E:\Shopizen\user_shopizen\serializers.py changed, reloading.
[2025-11-22 09:16:20,877] INFO django.utils.autoreload Watching for file changes with StatReloader
[2025-11-22 09:16:33,604] INFO django.utils.autoreload E:\Shopizen\user_shopizen\serializers.py changed, reloading.
[2025-11-22 09:16:34,066] INFO django.utils.autoreload Watching for file changes with StatReloader
[2025-11-22 09:17:22,210] INFO django.utils.autoreload Watching for file changes with StatReloader
[2025-11-22 09:18:07,244] INFO django.utils.autoreload E:\Shopizen\user_shopizen\views.py changed, reloading.
[2025-11-22 09:18:07,713] INFO django.utils.autoreload Watching for file changes with StatReloader
[2025-11-22 09:18:11,013] INFO django.utils.autoreload E:\Shopizen\user_shopizen\views.py changed, reloading.
[2025-11-22 09:18:11,473] INFO django.utils.autoreload Watching for file changes with StatReloader
[2025-11-22 09:19:34,997] INFO django.utils.autoreload Watching for file changes with StatReloader
[2025-11-22 09:20:41,545] INFO django.utils.autoreload E:\Shopizen\user_shopizen\models.py changed, reloading.
[2025-11-22 09:20:42,061] INFO django.utils.autoreload Watching for file changes with StatReloader
[2025-11-22 09:20:43,381] INFO django.utils.autoreload E:\Shopizen\user_shopizen\models.py changed, reloading.
[2025-11-22 09:20:43,861] INFO django.utils.autoreload Watching for file changes with StatReloader
[2025-11-22 09:21:14,229] INFO django.utils.autoreload E:\Shopizen\user_shopizen\views.py changed, reloading.
[2025-11-22 09:21:14,706] INFO django.utils.autoreload Watching for file changes with StatReloader
[2025-11-22 09:21:19,167] INFO django.utils.autoreload E:\Shopizen\user_shopizen\views.py changed, reloading.
[2025-11-22 09:21:19,643] INFO django.utils.autoreload Watching for file changes with StatReloader
[2025-11-22 09:21:23,072] INFO django.utils.autoreload E:\Shopizen\user_shopizen\views.py changed, reloading.
[2025-11-22 09:21:23,569] INFO django.utils.autoreload Watching for file changes with StatReloader
[2025-11-22 09:21:24,819] INFO django.utils.autoreload E:\Shopizen\user_shopizen\views.py changed, reloading.
[2025-11-22 09:21:25,269] INFO django.utils.autoreload Watching for file changes with StatReloader
[2025-11-22 09:21:29,677] INFO django.utils.autoreload E:\Shopizen\user_shopizen\views.py changed, reloading.
[2025-11-22 09:21:30,141] INFO django.utils.autoreload Watching for file changes with StatReloader
[2025-11-22 09:22:28,997] INFO django.utils.autoreload E:\Shopizen\user_shopizen\serializers.py changed, reloading.
[2025-11-22 09:22:29,476] INFO django.utils.autoreload Watching for file changes with StatReloader
[2025-11-22 09:22:48,831] INFO django.utils.autoreload Watching for file changes with StatReloader
[2025-11-22 09:23:59,709] INFO django.utils.autoreload E:\Shopizen\user_shopizen\views.py changed, reloading.
[2025-11-22 09:24:01,310] INFO django.utils.autoreload Watching for file changes with StatReloader
[2025-11-22 09:24:07,411] INFO django.utils.autoreload E:\Shopizen\user_shopizen\views.py changed, reloading.
[2025-11-22 09:24:07,860] INFO django.utils.autoreload Watching for file changes with StatReloader
[2025-11-22 09:24:10,118] INFO django.utils.autoreload E:\Shopizen\user_shopizen\views.py changed, reloading.
[2025-11-22 09:24:10,577] INFO django.utils.autoreload Watching for file changes with StatReloader
[2025-11-22 09:24:24,306] INFO django.utils.autoreload E:\Shopizen\user_shopizen\views.py changed, reloading.
[2025-11-22 09:24:24,807] INFO django.utils.autoreload Watching for file changes with StatReloader
[2025-11-22 09:24:35,480] INFO django.utils.autoreload E:\Shopizen\user_shopizen\views.py changed, reloading.
[2025-11-22 09:24:35,995] INFO django.utils.autoreload Watching for file changes with StatReloader
[2025-11-22 09:24:43,570] INFO django.utils.autoreload E:\Shopizen\user_shopizen\views.py changed, reloading.
[2025-11-22 09:24:44,093] INFO django.utils.autoreload Watching for file changes with StatReloader
[2025-11-22 09:24:52,712] INFO django.utils.autoreload E:\Shopizen\user_shopizen\views.py changed, reloading.
[2025-11-22 09:24:53,188] INFO django.utils.autoreload Watching for file changes with StatReloader
[2025-11-22 09:26:29,063] INFO django.utils.autoreload E:\Shopizen\user_shopizen\models.py changed, reloading.
[2025-11-22 09:26:31,396] INFO django.utils.autoreload Watching for file changes with StatReloader
[2025-11-22 09:26:53,777] INFO django.utils.autoreload E:\Shopizen\user_shopizen\admin.py changed, reloading.
[2025-11-22 09:26:54,259] INFO django.utils.autoreload Watching for file changes with StatReloader
[2025-11-22 09:26:57,631] INFO django.utils.autoreload E:\Shopizen\user_shopizen\admin.py changed, reloading.
[2025-11-22 09:26:58,092] INFO django.utils.autoreload Watching for file changes with StatReloader
[2025-11-22 09:27:01,442] INFO django.utils.autoreload E:\Shopizen\user_shopizen\admin.py changed, reloading.
[2025-11-22 09:27:01,958] INFO django.utils.autoreload Watching for file changes with StatReloader
[2025-11-22 09:27:39,378] INFO django.utils.autoreload E:\Shopizen\user_shopizen\serializers.py changed, reloading.
[2025-11-22 09:27:39,866] INFO django.utils.autoreload Watching for file changes with StatReloader
[2025-11-22 09:29:06,564] INFO django.utils.autoreload E:\Shopizen\user_shopizen\serializers.py changed, reloading.
[2025-11-22 09:29:07,028] INFO django.utils.autoreload Watching for file changes with StatReloader
[2025-11-22 09:29:15,586] INFO django.utils.autoreload E:\Shopizen\user_shopizen\serializers.py changed, reloading.
[2025-11-22 09:29:16,059] INFO django.utils.autoreload Watching for file changes with StatReloader
[2025-11-22 09:29:28,810] INFO django.utils.autoreload E:\Shopizen\user_shopizen\serializers.py changed, reloading.
[2025-11-22 09:29:29,340] INFO django.utils.autoreload Watching for file changes with StatReloader
[2025-11-22 09:29:45,233] INFO django.utils.autoreload E:\Shopizen\user_shopizen\serializers.py changed, reloading.
[2025-11-22 09:29:45,722] INFO django.utils.autoreload Watching for file changes with StatReloader
[2025-11-22 09:29:57,423] INFO django.utils.autoreload E:\Shopizen\user_shopizen\serializers.py changed, reloading.
[2025-11-22 09:29:57,886] INFO django.utils.autoreload Watching for file changes with StatReloader
[2025-11-22 09:30:10,655] INFO django.utils.autoreload E:\Shopizen\user_shopizen\views.py changed, reloading.
[2025-11-22 09:30:11,149] INFO django.utils.autoreload Watching for file changes with StatReloader
[2025-11-22 09:30:31,168] INFO django.utils.autoreload E:\Shopizen\user_shopizen\views.py changed, reloading.
[2025-11-22 09:30:31,660] INFO django.utils.autoreload Watching for file changes with StatReloader
[2025-11-22 09:30:48,641] INFO django.utils.autoreload E:\Shopizen\user_shopizen\views.py changed, reloading.
[2025-11-22 09:30:49,105] INFO django.utils.autoreload Watching for file changes with StatReloader
[2025-11-22 09:30:53,567] INFO django.utils.autoreload E:\Shopizen\user_shopizen\views.py changed, reloading.
[2025-11-22 09:30:54,032] INFO django.utils.autoreload Watching for file changes with StatReloader
[2025-11-22 09:30:56,293] INFO django.utils.autoreload E:\Shopizen\user_shopizen\views.py changed, reloading.
[2025-11-22 09:30:56,769] INFO django.utils.autoreload Watching for file changes with StatReloader
[2025-11-22 09:31:09,463] INFO django.utils.autoreload E:\Shopizen\user_shopizen\views.py changed, reloading.
[2025-11-22 09:31:09,938] INFO django.utils.autoreload Watching for file changes with StatReloader
[2025-11-22 09:31:13,354] INFO django.utils.autoreload E:\Shopizen\user_shopizen\views.py changed, reloading.
[2025-11-22 09:31:13,822] INFO django.utils.autoreload Watching for file changes with StatReloader
[2025-11-22 09:31:24,496] INFO django.utils.autoreload E:\Shopizen\user_shopizen\views.py changed, reloading.
[2025-11-22 09:31:24,986] INFO django.utils.autoreload Watching for file changes with StatReloader
[2025-11-22 09:31:27,419] INFO django.utils.autoreload E:\Shopizen\user_shopizen\views.py changed, reloading.
[2025-11-22 09:31:27,905] INFO django.utils.autoreload Watching for file changes with StatReloader
[2025-11-22 09:31:30,364] INFO django.utils.autoreload E:\Shopizen\user_shopizen\views.py changed, reloading.
[2025-11-22 09:31:30,845] INFO django.utils.autoreload Watching for file changes with StatReloader
[2025-11-22 09:31:38,111] INFO django.utils.autoreload Watching for file changes with StatReloader
[2025-11-22 09:32:48,017] INFO django.utils.autoreload E:\Shopizen\user_shopizen\admin.py changed, reloading.
[2025-11-22 09:32:48,546] INFO django.utils.autoreload Watching for file changes with StatReloader
[2025-11-22 09:32:54,048] INFO django.utils.autoreload E:\Shopizen\user_shopizen\admin.py changed, reloading.
[2025-11-22 09:32:54,520] INFO django.utils.autoreload Watching for file changes with StatReloader
[2025-11-22 09:34:25,792] INFO django.utils.autoreload E:\Shopizen\user_shopizen\models.py changed, reloading.
[2025-11-22 09:34:26,345] INFO django.utils.autoreload Watching for file changes with StatReloader
[2025-11-22 09:35:00,525] INFO django.utils.autoreload E:\Shopizen\user_shopizen\admin.py changed, reloading.
[2025-11-22 09:35:01,012] INFO django.utils.autoreload Watching for file changes with StatReloader
[2025-11-22 09:38:04,170] INFO django.utils.autoreload E:\Shopizen\user_shopizen\models.py changed, reloading.
[2025-11-22 09:38:04,680] INFO django.utils.autoreload Watching for file changes with StatReloader
[2025-11-22 09:39:08,077] INFO django.utils.autoreload E:\Shopizen\user_shopizen\models.py changed, reloading.
[2025-11-22 09:39:08,569] INFO django.utils.autoreload Watching for file changes with StatReloader
[2025-11-22 09:39:21,641] INFO django.utils.autoreload E:\Shopizen\user_shopizen\models.py changed, reloading.
[2025-11-22 09:39:22,148] INFO django.utils.autoreload Watching for file changes with StatReloader
[2025-11-22 09:39:42,463] INFO django.utils.autoreload E:\Shopizen\user_shopizen\models.py changed, reloading.
[2025-11-22 09:39:42,947] INFO django.utils.autoreload Watching for file changes with StatReloader
[2025-11-22 09:39:58,222] INFO django.utils.autoreload E:\Shopizen\user_shopizen\admin.py changed, reloading.
[2025-11-22 09:39:58,711] INFO django.utils.autoreload Watching for file changes with StatReloader
[2025-11-22 09:40:36,714] INFO django.utils.autoreload Watching for file changes with StatReloader
[2025-11-22 09:41:35,265] INFO django.utils.autoreload E:\Shopizen\user_shopizen\admin.py changed, reloading.
[2025-11-22 09:41:35,758] INFO django.utils.autoreload Watching for file changes with StatReloader
[2025-11-22 09:42:09,652] INFO django.utils.autoreload E:\Shopizen\user_shopizen\admin.py changed, reloading.
[2025-11-22 09:42:10,149] INFO django.utils.autoreload Watching for file changes with StatReloader
[2025-11-22 09:42:57,145] INFO django.utils.autoreload Watching for file changes with StatReloader
[2025-11-22 09:43:05,668] INFO django.server "GET /user/api/products/ HTTP/1.1" 200 2
[2025-11-22 09:43:05,673] INFO django.server "GET /user/api/products/ HTTP/1.1" 200 2
[2025-11-22 09:43:05,995] INFO django.server "GET /user/api/products/ HTTP/1.1" 200 2
[2025-11-22 09:43:06,002] INFO django.server "GET /user/api/products/ HTTP/1.1" 200 2
