[2025-11-19 07:44:46,153] INFO django.utils.autoreload Watching for file changes with StatReloader
[2025-11-19 07:44:49,314] WARNING django.request Not Found: /
[2025-11-19 07:44:49,314] WARNING django.server "GET / HTTP/1.1" 404 3304
[2025-11-19 07:44:49,426] WARNING django.request Not Found: /favicon.ico
[2025-11-19 07:44:49,426] WARNING django.server "GET /favicon.ico HTTP/1.1" 404 3355
[2025-11-19 07:45:16,716] WARNING django.request Not Found: /
[2025-11-19 07:45:16,717] WARNING django.server "GET / HTTP/1.1" 404 3304
[2025-11-19 07:52:41,571] INFO django.utils.autoreload Watching for file changes with StatReloader
[2025-11-19 08:17:21,450] INFO django.utils.autoreload Watching for file changes with StatReloader
[2025-11-19 08:26:27,876] INFO django.utils.autoreload Watching for file changes with StatReloader
[2025-11-19 08:28:59,477] INFO django.server "OPTIONS /authentication/api/register/ HTTP/1.1" 200 0
[2025-11-19 08:28:59,480] WARNING django.request Bad Request: /authentication/api/register/
[2025-11-19 08:28:59,481] WARNING django.server "POST /authentication/api/register/ HTTP/1.1" 400 35
[2025-11-19 08:32:39,062] WARNING django.request Bad Request: /authentication/api/register/
[2025-11-19 08:32:39,062] WARNING django.server "POST /authentication/api/register/ HTTP/1.1" 400 35
[2025-11-19 08:32:48,518] WARNING django.request Bad Request: /authentication/api/register/
[2025-11-19 08:32:48,519] WARNING django.server "POST /authentication/api/register/ HTTP/1.1" 400 35
[2025-11-19 08:33:03,685] WARNING django.request Bad Request: /authentication/api/register/
[2025-11-19 08:33:03,686] WARNING django.server "POST /authentication/api/register/ HTTP/1.1" 400 35
[2025-11-19 08:33:37,701] WARNING django.request Bad Request: /authentication/api/register/
[2025-11-19 08:33:37,702] WARNING django.server "POST /authentication/api/register/ HTTP/1.1" 400 35
[2025-11-19 08:53:01,064] INFO django.utils.autoreload E:\Shopizen\Authentication\serializers.py changed, reloading.
[2025-11-19 08:53:01,591] INFO django.utils.autoreload Watching for file changes with StatReloader
[2025-11-19 08:53:11,346] INFO django.utils.autoreload E:\Shopizen\Authentication\serializers.py changed, reloading.
[2025-11-19 08:53:11,870] INFO django.utils.autoreload Watching for file changes with StatReloader
[2025-11-19 08:53:17,418] INFO django.utils.autoreload E:\Shopizen\Authentication\serializers.py changed, reloading.
[2025-11-19 08:53:17,899] INFO django.utils.autoreload Watching for file changes with StatReloader
[2025-11-19 08:53:32,223] INFO django.utils.autoreload E:\Shopizen\Authentication\views.py changed, reloading.
[2025-11-19 08:53:32,754] INFO django.utils.autoreload Watching for file changes with StatReloader
[2025-11-19 08:53:41,412] INFO django.utils.autoreload E:\Shopizen\Authentication\views.py changed, reloading.
[2025-11-19 08:53:41,901] INFO django.utils.autoreload Watching for file changes with StatReloader
[2025-11-19 08:53:57,253] INFO django.utils.autoreload E:\Shopizen\Authentication\views.py changed, reloading.
[2025-11-19 08:53:57,756] INFO django.utils.autoreload Watching for file changes with StatReloader
[2025-11-19 08:53:59,331] INFO django.utils.autoreload E:\Shopizen\Authentication\views.py changed, reloading.
[2025-11-19 08:54:00,513] INFO django.utils.autoreload Watching for file changes with StatReloader
[2025-11-19 08:54:04,911] INFO django.utils.autoreload E:\Shopizen\Authentication\views.py changed, reloading.
[2025-11-19 08:54:06,034] INFO django.utils.autoreload Watching for file changes with StatReloader
[2025-11-19 08:54:12,110] INFO django.utils.autoreload E:\Shopizen\Authentication\views.py changed, reloading.
[2025-11-19 08:54:13,608] INFO django.utils.autoreload Watching for file changes with StatReloader
[2025-11-19 08:54:16,033] INFO django.utils.autoreload E:\Shopizen\Authentication\views.py changed, reloading.
[2025-11-19 08:54:17,135] INFO django.utils.autoreload Watching for file changes with StatReloader
[2025-11-19 08:54:20,663] INFO django.utils.autoreload E:\Shopizen\Authentication\views.py changed, reloading.
[2025-11-19 08:54:22,306] INFO django.utils.autoreload Watching for file changes with StatReloader
[2025-11-19 08:54:25,960] INFO django.utils.autoreload E:\Shopizen\Authentication\views.py changed, reloading.
[2025-11-19 08:54:26,864] INFO django.utils.autoreload Watching for file changes with StatReloader
[2025-11-19 08:54:31,696] INFO django.utils.autoreload E:\Shopizen\Authentication\views.py changed, reloading.
[2025-11-19 08:54:32,592] INFO django.utils.autoreload Watching for file changes with StatReloader
[2025-11-19 08:54:36,352] INFO django.utils.autoreload E:\Shopizen\Authentication\views.py changed, reloading.
[2025-11-19 08:54:37,015] INFO django.utils.autoreload Watching for file changes with StatReloader
[2025-11-19 08:54:42,185] INFO django.utils.autoreload E:\Shopizen\Authentication\views.py changed, reloading.
[2025-11-19 08:54:43,691] INFO django.utils.autoreload Watching for file changes with StatReloader
[2025-11-19 08:55:03,813] INFO django.utils.autoreload E:\Shopizen\Authentication\views.py changed, reloading.
[2025-11-19 08:55:04,382] INFO django.utils.autoreload Watching for file changes with StatReloader
[2025-11-19 08:55:19,060] INFO django.utils.autoreload E:\Shopizen\Authentication\urls.py changed, reloading.
[2025-11-19 08:55:19,883] INFO django.utils.autoreload Watching for file changes with StatReloader
[2025-11-19 08:56:27,064] WARNING django.request Bad Request: /authentication/api/register/
[2025-11-19 08:56:27,065] WARNING django.server "POST /authentication/api/register/ HTTP/1.1" 400 35
[2025-11-19 08:57:00,616] INFO django.server "OPTIONS /authentication/api/login/ HTTP/1.1" 200 0
[2025-11-19 08:57:01,699] WARNING django.request Unauthorized: /authentication/api/login/
[2025-11-19 08:57:01,700] WARNING django.server "POST /authentication/api/login/ HTTP/1.1" 401 31
[2025-11-19 08:57:11,394] WARNING django.request Unauthorized: /authentication/api/login/
[2025-11-19 08:57:11,396] WARNING django.server "POST /authentication/api/login/ HTTP/1.1" 401 31
[2025-11-19 09:19:41,132] INFO django.utils.autoreload Watching for file changes with StatReloader
[2025-11-19 09:24:16,600] INFO django.server "OPTIONS /authentication/api/register/ HTTP/1.1" 200 0
[2025-11-19 09:24:17,907] ERROR core.exceptions Unhandled Exception: User has no userprofile.
Traceback (most recent call last):
  File "E:\Shopizen\.venv\Lib\site-packages\rest_framework\views.py", line 512, in dispatch
    response = handler(request, *args, **kwargs)
  File "E:\Shopizen\Authentication\views.py", line 41, in post
    user.userprofile.full_name = full_name
    ^^^^^^^^^^^^^^^^
  File "E:\Shopizen\.venv\Lib\site-packages\django\db\models\fields\related_descriptors.py", line 534, in __get__
    raise self.RelatedObjectDoesNotExist(
    ...<2 lines>...
    )
django.contrib.auth.models.User.userprofile.RelatedObjectDoesNotExist: User has no userprofile.
[2025-11-19 09:24:17,928] ERROR django.request Internal Server Error: /authentication/api/register/
[2025-11-19 09:24:17,928] ERROR django.server "POST /authentication/api/register/ HTTP/1.1" 500 101
[2025-11-19 09:24:18,128] WARNING django.request Bad Request: /authentication/api/register/
[2025-11-19 09:24:18,128] WARNING django.server "POST /authentication/api/register/ HTTP/1.1" 400 31
[2025-11-19 09:24:19,551] WARNING django.request Bad Request: /authentication/api/register/
[2025-11-19 09:24:19,552] WARNING django.server "POST /authentication/api/register/ HTTP/1.1" 400 31
[2025-11-19 09:24:32,639] WARNING django.request Bad Request: /authentication/api/register/
[2025-11-19 09:24:32,639] WARNING django.server "POST /authentication/api/register/ HTTP/1.1" 400 31
[2025-11-19 09:32:09,585] INFO django.utils.autoreload E:\Shopizen\Authentication\views.py changed, reloading.
[2025-11-19 09:32:10,167] INFO django.utils.autoreload Watching for file changes with StatReloader
[2025-11-19 09:32:25,157] INFO django.utils.autoreload E:\Shopizen\Authentication\serializers.py changed, reloading.
[2025-11-19 09:32:25,659] INFO django.utils.autoreload Watching for file changes with StatReloader
[2025-11-19 09:33:48,838] INFO django.utils.autoreload Watching for file changes with StatReloader
[2025-11-19 09:34:43,466] ERROR core.exceptions Unhandled Exception: name 'RegisterSerializer' is not defined
Traceback (most recent call last):
  File "E:\Shopizen\.venv\Lib\site-packages\rest_framework\views.py", line 512, in dispatch
    response = handler(request, *args, **kwargs)
  File "E:\Shopizen\Authentication\views.py", line 22, in post
    serializer = RegisterSerializer(data=request.data)
                 ^^^^^^^^^^^^^^^^^^
NameError: name 'RegisterSerializer' is not defined. Did you mean: 'AdminRegisterSerializer'?
[2025-11-19 09:34:43,469] ERROR django.request Internal Server Error: /authentication/api/register/
[2025-11-19 09:34:43,470] ERROR django.server "POST /authentication/api/register/ HTTP/1.1" 500 101
[2025-11-19 09:34:44,755] ERROR core.exceptions Unhandled Exception: name 'RegisterSerializer' is not defined
Traceback (most recent call last):
  File "E:\Shopizen\.venv\Lib\site-packages\rest_framework\views.py", line 512, in dispatch
    response = handler(request, *args, **kwargs)
  File "E:\Shopizen\Authentication\views.py", line 22, in post
    serializer = RegisterSerializer(data=request.data)
                 ^^^^^^^^^^^^^^^^^^
NameError: name 'RegisterSerializer' is not defined. Did you mean: 'AdminRegisterSerializer'?
[2025-11-19 09:34:44,757] ERROR django.request Internal Server Error: /authentication/api/register/
[2025-11-19 09:34:44,757] ERROR django.server "POST /authentication/api/register/ HTTP/1.1" 500 101
[2025-11-19 09:34:44,978] ERROR core.exceptions Unhandled Exception: name 'RegisterSerializer' is not defined
Traceback (most recent call last):
  File "E:\Shopizen\.venv\Lib\site-packages\rest_framework\views.py", line 512, in dispatch
    response = handler(request, *args, **kwargs)
  File "E:\Shopizen\Authentication\views.py", line 22, in post
    serializer = RegisterSerializer(data=request.data)
                 ^^^^^^^^^^^^^^^^^^
NameError: name 'RegisterSerializer' is not defined. Did you mean: 'AdminRegisterSerializer'?
[2025-11-19 09:34:44,980] ERROR django.request Internal Server Error: /authentication/api/register/
[2025-11-19 09:34:44,981] ERROR django.server "POST /authentication/api/register/ HTTP/1.1" 500 101
[2025-11-19 09:34:45,194] ERROR core.exceptions Unhandled Exception: name 'RegisterSerializer' is not defined
Traceback (most recent call last):
  File "E:\Shopizen\.venv\Lib\site-packages\rest_framework\views.py", line 512, in dispatch
    response = handler(request, *args, **kwargs)
  File "E:\Shopizen\Authentication\views.py", line 22, in post
    serializer = RegisterSerializer(data=request.data)
                 ^^^^^^^^^^^^^^^^^^
NameError: name 'RegisterSerializer' is not defined. Did you mean: 'AdminRegisterSerializer'?
[2025-11-19 09:34:45,196] ERROR django.request Internal Server Error: /authentication/api/register/
[2025-11-19 09:34:45,197] ERROR django.server "POST /authentication/api/register/ HTTP/1.1" 500 101
[2025-11-19 09:34:45,379] ERROR core.exceptions Unhandled Exception: name 'RegisterSerializer' is not defined
Traceback (most recent call last):
  File "E:\Shopizen\.venv\Lib\site-packages\rest_framework\views.py", line 512, in dispatch
    response = handler(request, *args, **kwargs)
  File "E:\Shopizen\Authentication\views.py", line 22, in post
    serializer = RegisterSerializer(data=request.data)
                 ^^^^^^^^^^^^^^^^^^
NameError: name 'RegisterSerializer' is not defined. Did you mean: 'AdminRegisterSerializer'?
[2025-11-19 09:34:45,381] ERROR django.request Internal Server Error: /authentication/api/register/
[2025-11-19 09:34:45,381] ERROR django.server "POST /authentication/api/register/ HTTP/1.1" 500 101
[2025-11-19 09:34:45,569] ERROR core.exceptions Unhandled Exception: name 'RegisterSerializer' is not defined
Traceback (most recent call last):
  File "E:\Shopizen\.venv\Lib\site-packages\rest_framework\views.py", line 512, in dispatch
    response = handler(request, *args, **kwargs)
  File "E:\Shopizen\Authentication\views.py", line 22, in post
    serializer = RegisterSerializer(data=request.data)
                 ^^^^^^^^^^^^^^^^^^
NameError: name 'RegisterSerializer' is not defined. Did you mean: 'AdminRegisterSerializer'?
[2025-11-19 09:34:45,571] ERROR django.request Internal Server Error: /authentication/api/register/
[2025-11-19 09:34:45,572] ERROR django.server "POST /authentication/api/register/ HTTP/1.1" 500 101
[2025-11-19 09:34:45,786] ERROR core.exceptions Unhandled Exception: name 'RegisterSerializer' is not defined
Traceback (most recent call last):
  File "E:\Shopizen\.venv\Lib\site-packages\rest_framework\views.py", line 512, in dispatch
    response = handler(request, *args, **kwargs)
  File "E:\Shopizen\Authentication\views.py", line 22, in post
    serializer = RegisterSerializer(data=request.data)
                 ^^^^^^^^^^^^^^^^^^
NameError: name 'RegisterSerializer' is not defined. Did you mean: 'AdminRegisterSerializer'?
[2025-11-19 09:34:45,788] ERROR django.request Internal Server Error: /authentication/api/register/
[2025-11-19 09:34:45,788] ERROR django.server "POST /authentication/api/register/ HTTP/1.1" 500 101
[2025-11-19 09:34:46,922] ERROR core.exceptions Unhandled Exception: name 'RegisterSerializer' is not defined
Traceback (most recent call last):
  File "E:\Shopizen\.venv\Lib\site-packages\rest_framework\views.py", line 512, in dispatch
    response = handler(request, *args, **kwargs)
  File "E:\Shopizen\Authentication\views.py", line 22, in post
    serializer = RegisterSerializer(data=request.data)
                 ^^^^^^^^^^^^^^^^^^
NameError: name 'RegisterSerializer' is not defined. Did you mean: 'AdminRegisterSerializer'?
[2025-11-19 09:34:46,924] ERROR django.request Internal Server Error: /authentication/api/register/
[2025-11-19 09:34:46,924] ERROR django.server "POST /authentication/api/register/ HTTP/1.1" 500 101
[2025-11-19 09:34:47,138] ERROR core.exceptions Unhandled Exception: name 'RegisterSerializer' is not defined
Traceback (most recent call last):
  File "E:\Shopizen\.venv\Lib\site-packages\rest_framework\views.py", line 512, in dispatch
    response = handler(request, *args, **kwargs)
  File "E:\Shopizen\Authentication\views.py", line 22, in post
    serializer = RegisterSerializer(data=request.data)
                 ^^^^^^^^^^^^^^^^^^
NameError: name 'RegisterSerializer' is not defined. Did you mean: 'AdminRegisterSerializer'?
[2025-11-19 09:34:47,139] ERROR django.request Internal Server Error: /authentication/api/register/
[2025-11-19 09:34:47,140] ERROR django.server "POST /authentication/api/register/ HTTP/1.1" 500 101
[2025-11-19 09:34:47,338] ERROR core.exceptions Unhandled Exception: name 'RegisterSerializer' is not defined
Traceback (most recent call last):
  File "E:\Shopizen\.venv\Lib\site-packages\rest_framework\views.py", line 512, in dispatch
    response = handler(request, *args, **kwargs)
  File "E:\Shopizen\Authentication\views.py", line 22, in post
    serializer = RegisterSerializer(data=request.data)
                 ^^^^^^^^^^^^^^^^^^
NameError: name 'RegisterSerializer' is not defined. Did you mean: 'AdminRegisterSerializer'?
[2025-11-19 09:34:47,340] ERROR django.request Internal Server Error: /authentication/api/register/
[2025-11-19 09:34:47,340] ERROR django.server "POST /authentication/api/register/ HTTP/1.1" 500 101
[2025-11-19 09:35:56,640] INFO django.utils.autoreload E:\Shopizen\Authentication\views.py changed, reloading.
[2025-11-19 09:35:57,132] INFO django.utils.autoreload Watching for file changes with StatReloader
[2025-11-19 09:36:02,692] INFO django.utils.autoreload E:\Shopizen\Authentication\views.py changed, reloading.
[2025-11-19 09:36:03,169] INFO django.utils.autoreload Watching for file changes with StatReloader
[2025-11-19 09:36:06,507] INFO django.utils.autoreload E:\Shopizen\Authentication\views.py changed, reloading.
[2025-11-19 09:36:06,980] INFO django.utils.autoreload Watching for file changes with StatReloader
[2025-11-19 09:36:42,047] WARNING django.request Bad Request: /authentication/api/register/
[2025-11-19 09:36:42,050] WARNING django.server "POST /authentication/api/register/ HTTP/1.1" 400 33
[2025-11-19 09:36:55,284] WARNING django.request Not Found: /
[2025-11-19 09:36:55,285] WARNING django.server "GET / HTTP/1.1" 404 3304
[2025-11-19 09:36:55,337] WARNING django.request Not Found: /favicon.ico
[2025-11-19 09:36:55,338] WARNING django.server "GET /favicon.ico HTTP/1.1" 404 3355
[2025-11-19 09:36:58,998] INFO django.server "GET /admin/ HTTP/1.1" 200 21896
[2025-11-19 09:36:59,103] INFO django.server "GET /static/admin/css/base.css HTTP/1.1" 200 22120
[2025-11-19 09:36:59,119] INFO django.server "GET /static/admin/css/nav_sidebar.css HTTP/1.1" 200 2810
[2025-11-19 09:36:59,119] INFO django.server "GET /static/admin/css/dark_mode.css HTTP/1.1" 200 2808
[2025-11-19 09:36:59,128] INFO django.server "GET /static/admin/js/theme.js HTTP/1.1" 200 1653
[2025-11-19 09:36:59,132] INFO django.server "GET /static/admin/css/dashboard.css HTTP/1.1" 200 441
[2025-11-19 09:36:59,134] INFO django.server "GET /static/admin/css/responsive.css HTTP/1.1" 200 16565
[2025-11-19 09:36:59,151] INFO django.server "GET /static/admin/js/nav_sidebar.js HTTP/1.1" 200 3063
[2025-11-19 09:36:59,165] INFO django.server "GET /static/admin/img/icon-changelink.svg HTTP/1.1" 200 380
[2025-11-19 09:36:59,175] INFO django.server "GET /static/admin/img/icon-addlink.svg HTTP/1.1" 200 331
[2025-11-19 09:37:03,014] INFO django.server "GET /admin/Authentication/userprofile/ HTTP/1.1" 200 17296
[2025-11-19 09:37:03,044] INFO django.server "GET /static/admin/css/changelists.css HTTP/1.1" 200 6878
[2025-11-19 09:37:03,050] INFO django.server "GET /static/admin/js/jquery.init.js HTTP/1.1" 200 347
[2025-11-19 09:37:03,058] INFO django.server "GET /static/admin/js/core.js HTTP/1.1" 200 6208
[2025-11-19 09:37:03,058] INFO django.server "GET /static/admin/js/admin/RelatedObjectLookups.js HTTP/1.1" 200 9777
[2025-11-19 09:37:03,066] INFO django.server "GET /admin/jsi18n/ HTTP/1.1" 200 3342
[2025-11-19 09:37:03,073] INFO django.server "GET /static/admin/js/urlify.js HTTP/1.1" 200 7887
[2025-11-19 09:37:03,074] INFO django.server "GET /static/admin/js/actions.js HTTP/1.1" 200 8076
[2025-11-19 09:37:03,078] INFO django.server "GET /static/admin/img/search.svg HTTP/1.1" 200 458
[2025-11-19 09:37:03,080] INFO django.server "GET /static/admin/js/prepopulate.js HTTP/1.1" 200 1531
[2025-11-19 09:37:03,092] INFO django.server "GET /static/admin/js/vendor/jquery/jquery.js HTTP/1.1" 200 285314
[2025-11-19 09:37:03,112] INFO django.server "GET /static/admin/js/filters.js HTTP/1.1" 200 978
[2025-11-19 09:37:03,140] INFO django.server "GET /static/admin/js/vendor/xregexp/xregexp.js HTTP/1.1" 200 325171
[2025-11-19 09:37:03,172] INFO django.server "GET /static/admin/img/icon-viewlink.svg HTTP/1.1" 200 581
[2025-11-19 09:37:03,175] INFO django.server "GET /static/admin/img/tooltag-add.svg HTTP/1.1" 200 331
[2025-11-19 09:37:08,758] INFO django.server "GET /admin/Authentication/adminprofile/ HTTP/1.1" 200 17182
[2025-11-19 09:37:08,775] INFO django.server "GET /admin/jsi18n/ HTTP/1.1" 200 3342
[2025-11-19 09:37:09,529] INFO django.server "GET /admin/Authentication/userprofile/ HTTP/1.1" 200 17296
[2025-11-19 09:37:09,547] INFO django.server "GET /admin/jsi18n/ HTTP/1.1" 200 3342
[2025-11-19 09:37:10,600] INFO django.server "GET /admin/Authentication/userprofile/add/ HTTP/1.1" 200 19526
[2025-11-19 09:37:10,627] INFO django.server "GET /admin/jsi18n/ HTTP/1.1" 200 3342
[2025-11-19 09:37:10,635] INFO django.server "GET /static/admin/css/forms.css HTTP/1.1" 200 8525
[2025-11-19 09:37:10,639] INFO django.server "GET /static/admin/js/prepopulate_init.js HTTP/1.1" 200 586
[2025-11-19 09:37:10,647] INFO django.server "GET /static/admin/css/widgets.css HTTP/1.1" 200 11973
[2025-11-19 09:37:10,651] INFO django.server "GET /static/admin/js/change_form.js HTTP/1.1" 200 606
[2025-11-19 09:37:22,311] INFO django.server "POST /admin/Authentication/userprofile/add/ HTTP/1.1" 302 0
[2025-11-19 09:37:22,342] INFO django.server "GET /admin/Authentication/userprofile/ HTTP/1.1" 200 19358
[2025-11-19 09:37:22,364] INFO django.server "GET /admin/jsi18n/ HTTP/1.1" 200 3342
[2025-11-19 09:37:22,382] INFO django.server "GET /static/admin/img/icon-yes.svg HTTP/1.1" 200 436
[2025-11-19 09:37:28,454] INFO django.server "GET /admin/Authentication/adminprofile/ HTTP/1.1" 200 17182
[2025-11-19 09:37:28,473] INFO django.server "GET /admin/jsi18n/ HTTP/1.1" 200 3342
[2025-11-19 09:37:30,384] INFO django.server "GET /admin/Authentication/userprofile/ HTTP/1.1" 200 19140
[2025-11-19 09:37:30,402] INFO django.server "GET /admin/jsi18n/ HTTP/1.1" 200 3342
[2025-11-19 09:37:44,791] INFO django.server "GET /admin/Authentication/userprofile/add/ HTTP/1.1" 200 19526
[2025-11-19 09:37:44,810] INFO django.server "GET /admin/jsi18n/ HTTP/1.1" 200 3342
[2025-11-19 09:37:47,151] INFO django.server "POST /admin/Authentication/userprofile/add/ HTTP/1.1" 200 20051
[2025-11-19 09:37:47,171] INFO django.server "GET /admin/jsi18n/ HTTP/1.1" 200 3342
[2025-11-19 09:37:50,470] INFO django.server "POST /admin/Authentication/userprofile/add/ HTTP/1.1" 200 20051
[2025-11-19 09:37:50,489] INFO django.server "GET /admin/jsi18n/ HTTP/1.1" 200 3342
[2025-11-19 09:37:56,921] INFO django.server "POST /admin/Authentication/userprofile/add/ HTTP/1.1" 200 19809
[2025-11-19 09:37:56,938] INFO django.server "GET /admin/jsi18n/ HTTP/1.1" 200 3342
[2025-11-19 09:38:01,932] INFO django.server "GET /admin/auth/user/add/?_to_field=id&_popup=1 HTTP/1.1" 200 8107
[2025-11-19 09:38:01,955] INFO django.server "GET /admin/jsi18n/ HTTP/1.1" 200 3342
[2025-11-19 09:38:01,962] INFO django.server "GET /static/admin/css/unusable_password_field.css HTTP/1.1" 200 663
[2025-11-19 09:38:01,981] INFO django.server "GET /static/admin/js/unusable_password_field.js HTTP/1.1" 200 1480
[2025-11-19 09:38:24,165] INFO django.server "POST /admin/Authentication/userprofile/add/ HTTP/1.1" 200 20051
[2025-11-19 09:38:24,193] INFO django.server "GET /admin/jsi18n/ HTTP/1.1" 200 3342
[2025-11-19 09:38:26,744] INFO django.server "GET /admin/Authentication/adminprofile/ HTTP/1.1" 200 17182
[2025-11-19 09:38:26,761] INFO django.server "GET /admin/jsi18n/ HTTP/1.1" 200 3342
[2025-11-19 09:38:27,758] INFO django.server "GET /admin/Authentication/userprofile/ HTTP/1.1" 200 19140
[2025-11-19 09:38:27,776] INFO django.server "GET /admin/jsi18n/ HTTP/1.1" 200 3342
[2025-11-19 09:40:38,533] INFO django.server "POST /authentication/api/register/ HTTP/1.1" 201 42
[2025-11-19 09:41:10,538] INFO django.server "OPTIONS /authentication/api/login/ HTTP/1.1" 200 0
[2025-11-19 09:41:11,009] WARNING django.request Unauthorized: /authentication/api/login/
[2025-11-19 09:41:11,011] WARNING django.server "POST /authentication/api/login/ HTTP/1.1" 401 31
[2025-11-19 09:41:26,661] WARNING django.request Unauthorized: /authentication/api/login/
[2025-11-19 09:41:26,662] WARNING django.server "POST /authentication/api/login/ HTTP/1.1" 401 31
[2025-11-19 09:46:00,446] INFO django.utils.autoreload E:\Shopizen\Authentication\models.py changed, reloading.
[2025-11-19 09:46:00,990] INFO django.utils.autoreload Watching for file changes with StatReloader
[2025-11-19 09:46:02,259] INFO django.utils.autoreload E:\Shopizen\Authentication\models.py changed, reloading.
[2025-11-19 09:46:03,922] INFO django.utils.autoreload Watching for file changes with StatReloader
[2025-11-19 09:56:12,327] WARNING django.request Unauthorized: /authentication/api/login/
[2025-11-19 09:56:12,327] WARNING django.server "POST /authentication/api/login/ HTTP/1.1" 401 31
[2025-11-19 09:56:33,388] WARNING django.request Unauthorized: /authentication/api/login/
[2025-11-19 09:56:33,389] WARNING django.server "POST /authentication/api/login/ HTTP/1.1" 401 31
[2025-11-19 10:00:26,534] INFO django.utils.autoreload E:\Shopizen\Authentication\views.py changed, reloading.
[2025-11-19 10:00:27,052] INFO django.utils.autoreload Watching for file changes with StatReloader
[2025-11-19 10:00:30,372] INFO django.utils.autoreload E:\Shopizen\Authentication\views.py changed, reloading.
[2025-11-19 10:00:30,911] INFO django.utils.autoreload Watching for file changes with StatReloader
[2025-11-19 10:00:32,179] INFO django.utils.autoreload E:\Shopizen\Authentication\views.py changed, reloading.
[2025-11-19 10:00:32,676] INFO django.utils.autoreload Watching for file changes with StatReloader
[2025-11-19 10:00:33,922] INFO django.utils.autoreload E:\Shopizen\Authentication\views.py changed, reloading.
[2025-11-19 10:00:34,432] INFO django.utils.autoreload Watching for file changes with StatReloader
[2025-11-19 10:00:35,683] INFO django.utils.autoreload E:\Shopizen\Authentication\views.py changed, reloading.
[2025-11-19 10:00:36,190] INFO django.utils.autoreload Watching for file changes with StatReloader
[2025-11-19 10:00:37,465] INFO django.utils.autoreload E:\Shopizen\Authentication\views.py changed, reloading.
[2025-11-19 10:00:37,964] INFO django.utils.autoreload Watching for file changes with StatReloader
[2025-11-19 10:00:40,247] INFO django.utils.autoreload E:\Shopizen\Authentication\views.py changed, reloading.
[2025-11-19 10:00:40,734] INFO django.utils.autoreload Watching for file changes with StatReloader
[2025-11-19 10:00:46,073] INFO django.utils.autoreload E:\Shopizen\Authentication\views.py changed, reloading.
[2025-11-19 10:00:46,554] INFO django.utils.autoreload Watching for file changes with StatReloader
[2025-11-19 10:00:48,840] INFO django.utils.autoreload E:\Shopizen\Authentication\views.py changed, reloading.
[2025-11-19 10:00:49,299] INFO django.utils.autoreload Watching for file changes with StatReloader
[2025-11-19 10:00:52,588] INFO django.utils.autoreload E:\Shopizen\Authentication\views.py changed, reloading.
[2025-11-19 10:00:53,102] INFO django.utils.autoreload Watching for file changes with StatReloader
[2025-11-19 10:00:55,401] INFO django.utils.autoreload E:\Shopizen\Authentication\views.py changed, reloading.
[2025-11-19 10:00:55,893] INFO django.utils.autoreload Watching for file changes with StatReloader
[2025-11-19 10:00:58,161] INFO django.utils.autoreload E:\Shopizen\Authentication\views.py changed, reloading.
[2025-11-19 10:00:58,712] INFO django.utils.autoreload Watching for file changes with StatReloader
[2025-11-19 10:00:59,955] INFO django.utils.autoreload E:\Shopizen\Authentication\views.py changed, reloading.
[2025-11-19 10:01:00,446] INFO django.utils.autoreload Watching for file changes with StatReloader
[2025-11-19 10:01:01,695] INFO django.utils.autoreload E:\Shopizen\Authentication\views.py changed, reloading.
[2025-11-19 10:01:02,193] INFO django.utils.autoreload Watching for file changes with StatReloader
[2025-11-19 10:01:03,497] INFO django.utils.autoreload E:\Shopizen\Authentication\views.py changed, reloading.
[2025-11-19 10:01:03,966] INFO django.utils.autoreload Watching for file changes with StatReloader
[2025-11-19 10:01:06,248] INFO django.utils.autoreload E:\Shopizen\Authentication\views.py changed, reloading.
[2025-11-19 10:01:06,779] INFO django.utils.autoreload Watching for file changes with StatReloader
[2025-11-19 10:01:08,020] INFO django.utils.autoreload E:\Shopizen\Authentication\views.py changed, reloading.
[2025-11-19 10:01:08,501] INFO django.utils.autoreload Watching for file changes with StatReloader
[2025-11-19 10:01:11,816] INFO django.utils.autoreload E:\Shopizen\Authentication\views.py changed, reloading.
[2025-11-19 10:01:12,271] INFO django.utils.autoreload Watching for file changes with StatReloader
[2025-11-19 10:01:15,650] INFO django.utils.autoreload E:\Shopizen\Authentication\views.py changed, reloading.
[2025-11-19 10:01:16,120] INFO django.utils.autoreload Watching for file changes with StatReloader
[2025-11-19 10:01:17,351] INFO django.utils.autoreload E:\Shopizen\Authentication\views.py changed, reloading.
[2025-11-19 10:01:17,868] INFO django.utils.autoreload Watching for file changes with StatReloader
[2025-11-19 10:01:22,351] INFO django.utils.autoreload E:\Shopizen\Authentication\views.py changed, reloading.
[2025-11-19 10:01:22,810] INFO django.utils.autoreload Watching for file changes with StatReloader
[2025-11-19 10:01:24,276] INFO django.utils.autoreload E:\Shopizen\Authentication\views.py changed, reloading.
[2025-11-19 10:01:24,758] INFO django.utils.autoreload Watching for file changes with StatReloader
[2025-11-19 10:01:27,199] INFO django.utils.autoreload E:\Shopizen\Authentication\views.py changed, reloading.
[2025-11-19 10:01:27,699] INFO django.utils.autoreload Watching for file changes with StatReloader
[2025-11-19 10:01:30,093] INFO django.utils.autoreload E:\Shopizen\Authentication\views.py changed, reloading.
[2025-11-19 10:01:30,585] INFO django.utils.autoreload Watching for file changes with StatReloader
[2025-11-19 10:01:32,859] INFO django.utils.autoreload E:\Shopizen\Authentication\views.py changed, reloading.
[2025-11-19 10:01:33,311] INFO django.utils.autoreload Watching for file changes with StatReloader
[2025-11-19 10:01:34,680] INFO django.utils.autoreload E:\Shopizen\Authentication\views.py changed, reloading.
[2025-11-19 10:01:35,148] INFO django.utils.autoreload Watching for file changes with StatReloader
[2025-11-19 10:01:36,593] INFO django.utils.autoreload E:\Shopizen\Authentication\views.py changed, reloading.
[2025-11-19 10:01:37,063] INFO django.utils.autoreload Watching for file changes with StatReloader
[2025-11-19 10:01:38,438] INFO django.utils.autoreload E:\Shopizen\Authentication\views.py changed, reloading.
[2025-11-19 10:01:38,904] INFO django.utils.autoreload Watching for file changes with StatReloader
[2025-11-19 10:01:40,323] INFO django.utils.autoreload E:\Shopizen\Authentication\views.py changed, reloading.
[2025-11-19 10:01:40,819] INFO django.utils.autoreload Watching for file changes with StatReloader
[2025-11-19 10:01:42,212] INFO django.utils.autoreload E:\Shopizen\Authentication\views.py changed, reloading.
[2025-11-19 10:01:42,687] INFO django.utils.autoreload Watching for file changes with StatReloader
[2025-11-19 10:02:21,782] WARNING django.request Unauthorized: /authentication/api/login/
[2025-11-19 10:02:21,783] WARNING django.server "POST /authentication/api/login/ HTTP/1.1" 401 31
[2025-11-19 10:02:35,593] WARNING django.request Unauthorized: /authentication/api/login/
[2025-11-19 10:02:35,593] WARNING django.server "POST /authentication/api/login/ HTTP/1.1" 401 31
[2025-11-19 10:03:06,879] WARNING django.request Unauthorized: /authentication/api/login/
[2025-11-19 10:03:06,882] WARNING django.server "POST /authentication/api/login/ HTTP/1.1" 401 31
[2025-11-19 10:06:33,721] INFO django.utils.autoreload E:\Shopizen\Authentication\views.py changed, reloading.
[2025-11-19 10:06:34,215] INFO django.utils.autoreload Watching for file changes with StatReloader
[2025-11-19 10:06:43,990] INFO django.utils.autoreload E:\Shopizen\Authentication\views.py changed, reloading.
[2025-11-19 10:06:44,482] INFO django.utils.autoreload Watching for file changes with StatReloader
[2025-11-19 10:06:45,881] INFO django.utils.autoreload E:\Shopizen\Authentication\views.py changed, reloading.
[2025-11-19 10:06:46,372] INFO django.utils.autoreload Watching for file changes with StatReloader
[2025-11-19 10:07:07,567] WARNING django.request Unauthorized: /authentication/api/login/
[2025-11-19 10:07:07,568] WARNING django.server "POST /authentication/api/login/ HTTP/1.1" 401 31
[2025-11-19 10:07:16,805] WARNING django.request Unauthorized: /authentication/api/login/
[2025-11-19 10:07:16,805] WARNING django.server "POST /authentication/api/login/ HTTP/1.1" 401 31
[2025-11-19 10:07:43,420] WARNING django.request Unauthorized: /authentication/api/login/
[2025-11-19 10:07:43,421] WARNING django.server "POST /authentication/api/login/ HTTP/1.1" 401 31
[2025-11-19 10:09:50,934] INFO django.utils.autoreload E:\Shopizen\Authentication\views.py changed, reloading.
[2025-11-19 10:09:51,451] INFO django.utils.autoreload Watching for file changes with StatReloader
[2025-11-19 10:10:00,271] WARNING django.request Unauthorized: /authentication/api/login/
[2025-11-19 10:10:00,271] WARNING django.server "POST /authentication/api/login/ HTTP/1.1" 401 31
[2025-11-19 10:10:11,541] WARNING django.request Unauthorized: /authentication/api/login/
[2025-11-19 10:10:11,543] WARNING django.server "POST /authentication/api/login/ HTTP/1.1" 401 31
[2025-11-19 10:10:42,217] INFO django.server "POST /authentication/api/login/ HTTP/1.1" 200 621
[2025-11-19 10:13:48,630] INFO django.utils.autoreload E:\Shopizen\Authentication\views.py changed, reloading.
[2025-11-19 10:13:49,153] INFO django.utils.autoreload Watching for file changes with StatReloader
[2025-11-19 11:45:43,006] INFO django.utils.autoreload Watching for file changes with StatReloader
[2025-11-19 11:46:27,431] INFO django.server "OPTIONS /authentication/api/login/ HTTP/1.1" 200 0
[2025-11-19 11:46:28,961] WARNING django.request Unauthorized: /authentication/api/login/
[2025-11-19 11:46:28,961] WARNING django.server "POST /authentication/api/login/ HTTP/1.1" 401 31
[2025-11-19 11:47:38,193] WARNING django.request Unauthorized: /authentication/api/login/
[2025-11-19 11:47:38,194] WARNING django.server "POST /authentication/api/login/ HTTP/1.1" 401 31
[2025-11-19 11:49:21,549] WARNING django.request Unauthorized: /authentication/api/login/
[2025-11-19 11:49:21,551] WARNING django.server "POST /authentication/api/login/ HTTP/1.1" 401 31
[2025-11-19 11:49:49,551] INFO django.server "POST /authentication/api/login/ HTTP/1.1" 200 621
[2025-11-19 11:51:56,321] INFO django.server "OPTIONS /authentication/api/register/ HTTP/1.1" 200 0
[2025-11-19 11:51:57,184] INFO django.server "POST /authentication/api/register/ HTTP/1.1" 201 42
[2025-11-19 11:52:28,620] INFO django.server "POST /authentication/api/login/ HTTP/1.1" 200 598
[2025-11-19 11:53:52,323] INFO django.utils.autoreload E:\Shopizen\Authentication\serializers.py changed, reloading.
[2025-11-19 11:53:52,830] INFO django.utils.autoreload Watching for file changes with StatReloader
[2025-11-19 11:53:54,250] INFO django.utils.autoreload E:\Shopizen\Authentication\serializers.py changed, reloading.
[2025-11-19 11:53:54,726] INFO django.utils.autoreload Watching for file changes with StatReloader
[2025-11-19 11:55:16,689] INFO django.utils.autoreload E:\Shopizen\Authentication\serializers.py changed, reloading.
[2025-11-19 11:55:17,168] INFO django.utils.autoreload Watching for file changes with StatReloader
[2025-11-19 11:55:20,653] INFO django.utils.autoreload E:\Shopizen\Authentication\serializers.py changed, reloading.
[2025-11-19 11:55:21,146] INFO django.utils.autoreload Watching for file changes with StatReloader
[2025-11-19 11:55:24,440] INFO django.utils.autoreload E:\Shopizen\Authentication\serializers.py changed, reloading.
[2025-11-19 11:55:24,909] INFO django.utils.autoreload Watching for file changes with StatReloader
[2025-11-19 11:55:28,346] INFO django.utils.autoreload E:\Shopizen\Authentication\serializers.py changed, reloading.
[2025-11-19 11:55:28,867] INFO django.utils.autoreload Watching for file changes with StatReloader
[2025-11-19 11:56:40,665] INFO django.server "POST /authentication/api/register/ HTTP/1.1" 201 42
[2025-11-19 11:57:03,135] INFO django.server "POST /authentication/api/login/ HTTP/1.1" 200 598
[2025-11-19 12:15:36,819] INFO django.utils.autoreload Watching for file changes with StatReloader
[2025-11-19 12:16:27,260] INFO django.server "POST /authentication/api/login/ HTTP/1.1" 200 621
[2025-11-19 12:27:38,777] INFO django.server "POST /authentication/api/login/ HTTP/1.1" 200 621
[2025-11-19 12:50:21,372] INFO django.utils.autoreload E:\Shopizen\Authentication\views.py changed, reloading.
[2025-11-19 12:50:21,992] INFO django.utils.autoreload Watching for file changes with StatReloader
[2025-11-19 12:50:23,421] INFO django.utils.autoreload E:\Shopizen\Authentication\views.py changed, reloading.
[2025-11-19 12:50:23,918] INFO django.utils.autoreload Watching for file changes with StatReloader
[2025-11-19 12:50:27,411] INFO django.utils.autoreload E:\Shopizen\Authentication\views.py changed, reloading.
[2025-11-19 12:50:27,879] INFO django.utils.autoreload Watching for file changes with StatReloader
[2025-11-19 12:50:29,304] INFO django.utils.autoreload E:\Shopizen\Authentication\views.py changed, reloading.
[2025-11-19 12:50:29,778] INFO django.utils.autoreload Watching for file changes with StatReloader
[2025-11-19 12:50:32,238] INFO django.utils.autoreload E:\Shopizen\Authentication\views.py changed, reloading.
[2025-11-19 12:50:32,798] INFO django.utils.autoreload Watching for file changes with StatReloader
[2025-11-19 12:50:51,087] INFO django.utils.autoreload E:\Shopizen\Authentication\views.py changed, reloading.
[2025-11-19 12:50:51,600] INFO django.utils.autoreload Watching for file changes with StatReloader
[2025-11-19 12:51:31,230] INFO django.utils.autoreload Watching for file changes with StatReloader
[2025-11-19 13:00:37,074] INFO django.utils.autoreload E:\Shopizen\Authentication\urls.py changed, reloading.
[2025-11-19 13:00:37,577] INFO django.utils.autoreload Watching for file changes with StatReloader
[2025-11-19 13:07:36,249] INFO django.utils.autoreload E:\Shopizen\Authentication\views.py changed, reloading.
[2025-11-19 13:07:36,726] INFO django.utils.autoreload Watching for file changes with StatReloader
[2025-11-19 13:07:40,188] INFO django.utils.autoreload E:\Shopizen\Authentication\views.py changed, reloading.
[2025-11-19 13:07:40,637] INFO django.utils.autoreload Watching for file changes with StatReloader
[2025-11-19 13:13:21,253] INFO django.utils.autoreload E:\Shopizen\Authentication\views.py changed, reloading.
[2025-11-19 13:13:22,369] INFO django.utils.autoreload Watching for file changes with StatReloader
[2025-11-19 16:57:57,054] INFO django.utils.autoreload Watching for file changes with StatReloader
[2025-11-19 17:44:10,283] INFO django.server "GET /user/api/products/ HTTP/1.1" 200 5582
[2025-11-19 17:44:10,498] INFO django.server "GET /static/rest_framework/css/bootstrap.min.css HTTP/1.1" 200 121457
[2025-11-19 17:44:10,503] INFO django.server "GET /static/rest_framework/css/bootstrap-tweaks.css HTTP/1.1" 200 3426
[2025-11-19 17:44:10,508] INFO django.server "GET /static/rest_framework/css/prettify.css HTTP/1.1" 200 817
[2025-11-19 17:44:10,512] INFO django.server "GET /static/rest_framework/css/default.css HTTP/1.1" 200 1152
[2025-11-19 17:44:10,526] INFO django.server "GET /static/rest_framework/js/ajax-form.js HTTP/1.1" 200 3796
[2025-11-19 17:44:10,535] INFO django.server "GET /static/rest_framework/js/csrf.js HTTP/1.1" 200 1793
[2025-11-19 17:44:10,540] INFO django.server "GET /static/rest_framework/js/load-ajax-form.js HTTP/1.1" 200 59
[2025-11-19 17:44:10,540] INFO django.server "GET /static/rest_framework/js/default.js HTTP/1.1" 200 1268
[2025-11-19 17:44:10,544] INFO django.server "GET /static/rest_framework/js/prettify-min.js HTTP/1.1" 200 13632
[2025-11-19 17:44:10,546] INFO django.server "GET /static/rest_framework/img/grid.png HTTP/1.1" 200 1458
[2025-11-19 17:44:10,557] INFO django.server "GET /static/rest_framework/js/bootstrap.min.js HTTP/1.1" 200 39680
[2025-11-19 17:44:10,563] INFO django.server "GET /static/rest_framework/js/jquery-3.7.1.min.js HTTP/1.1" 200 87533
[2025-11-19 17:44:10,600] WARNING django.request Not Found: /favicon.ico
[2025-11-19 17:44:10,600] WARNING django.server "GET /favicon.ico HTTP/1.1" 404 3355
[2025-11-19 17:45:14,186] INFO django.server "GET /user/api/products/ HTTP/1.1" 200 159
[2025-11-19 17:45:14,193] INFO django.server "GET /user/api/products/ HTTP/1.1" 200 159
[2025-11-19 17:45:14,515] INFO django.server "GET /user/api/products/ HTTP/1.1" 200 159
[2025-11-19 17:45:14,522] INFO django.server "GET /user/api/products/ HTTP/1.1" 200 159
[2025-11-19 17:45:22,731] INFO django.server "GET /user/api/products/ HTTP/1.1" 200 159
[2025-11-19 17:45:22,737] INFO django.server "GET /user/api/products/ HTTP/1.1" 200 159
[2025-11-19 17:45:23,051] INFO django.server "GET /user/api/products/ HTTP/1.1" 200 159
[2025-11-19 17:45:23,057] INFO django.server "GET /user/api/products/ HTTP/1.1" 200 159
[2025-11-19 18:30:31,377] INFO django.utils.autoreload E:\Shopizen\Authentication\serializers.py changed, reloading.
[2025-11-19 18:30:31,958] INFO django.utils.autoreload Watching for file changes with StatReloader
[2025-11-19 18:35:00,805] INFO django.server "GET /user/api/products/ HTTP/1.1" 200 159
[2025-11-19 18:35:00,812] INFO django.server "GET /user/api/products/ HTTP/1.1" 200 159
[2025-11-19 18:35:01,142] INFO django.server "GET /user/api/products/ HTTP/1.1" 200 159
[2025-11-19 18:35:01,152] INFO django.server "GET /user/api/products/ HTTP/1.1" 200 159
[2025-11-19 18:36:11,754] INFO django.server "OPTIONS /authentication/api/register/ HTTP/1.1" 200 0
[2025-11-19 18:36:12,494] INFO django.server "POST /authentication/api/register/ HTTP/1.1" 201 42
[2025-11-19 18:36:23,881] INFO django.server "OPTIONS /authentication/api/login/ HTTP/1.1" 200 0
[2025-11-19 18:36:25,929] INFO django.server "POST /authentication/api/login/ HTTP/1.1" 200 599
[2025-11-19 18:37:12,430] INFO django.utils.autoreload E:\Shopizen\Authentication\serializers.py changed, reloading.
[2025-11-19 18:37:12,939] INFO django.utils.autoreload Watching for file changes with StatReloader
[2025-11-19 18:37:19,529] INFO django.utils.autoreload E:\Shopizen\Authentication\serializers.py changed, reloading.
[2025-11-19 18:37:20,036] INFO django.utils.autoreload Watching for file changes with StatReloader
[2025-11-19 18:37:23,578] INFO django.utils.autoreload E:\Shopizen\Authentication\serializers.py changed, reloading.
[2025-11-19 18:37:24,047] INFO django.utils.autoreload Watching for file changes with StatReloader
[2025-11-19 18:37:36,854] INFO django.utils.autoreload E:\Shopizen\Authentication\serializers.py changed, reloading.
[2025-11-19 18:37:37,345] INFO django.utils.autoreload Watching for file changes with StatReloader
[2025-11-19 18:37:38,739] INFO django.utils.autoreload E:\Shopizen\Authentication\serializers.py changed, reloading.
[2025-11-19 18:37:39,280] INFO django.utils.autoreload Watching for file changes with StatReloader
[2025-11-19 18:37:41,705] INFO django.utils.autoreload E:\Shopizen\Authentication\serializers.py changed, reloading.
[2025-11-19 18:37:42,559] INFO django.utils.autoreload Watching for file changes with StatReloader
[2025-11-19 18:38:32,857] INFO django.server "POST /authentication/api/register/ HTTP/1.1" 201 42
[2025-11-19 18:38:43,543] INFO django.server "POST /authentication/api/login/ HTTP/1.1" 200 604
[2025-11-19 18:39:24,880] INFO django.utils.autoreload E:\Shopizen\Authentication\serializers.py changed, reloading.
[2025-11-19 18:39:25,402] INFO django.utils.autoreload Watching for file changes with StatReloader
[2025-11-19 18:39:26,811] INFO django.utils.autoreload E:\Shopizen\Authentication\serializers.py changed, reloading.
[2025-11-19 18:39:27,295] INFO django.utils.autoreload Watching for file changes with StatReloader
[2025-11-19 19:38:42,590] INFO django.utils.autoreload Watching for file changes with StatReloader
[2025-11-19 19:40:50,006] INFO django.server "GET /user/api/products/ HTTP/1.1" 200 159
[2025-11-19 19:40:50,012] INFO django.server "GET /user/api/products/ HTTP/1.1" 200 159
[2025-11-19 19:40:50,320] INFO django.server "GET /user/api/products/ HTTP/1.1" 200 159
[2025-11-19 19:40:50,327] INFO django.server "GET /user/api/products/ HTTP/1.1" 200 159
[2025-11-19 20:12:17,361] INFO django.utils.autoreload E:\Shopizen\Authentication\models.py changed, reloading.
[2025-11-19 20:12:18,733] INFO django.utils.autoreload Watching for file changes with StatReloader
[2025-11-19 20:12:28,450] INFO django.utils.autoreload E:\Shopizen\Authentication\models.py changed, reloading.
[2025-11-19 20:12:28,926] INFO django.utils.autoreload Watching for file changes with StatReloader
[2025-11-19 20:12:31,307] INFO django.utils.autoreload E:\Shopizen\Authentication\models.py changed, reloading.
[2025-11-19 20:12:31,790] INFO django.utils.autoreload Watching for file changes with StatReloader
[2025-11-19 20:12:37,290] INFO django.utils.autoreload E:\Shopizen\Authentication\models.py changed, reloading.
[2025-11-19 20:12:37,769] INFO django.utils.autoreload Watching for file changes with StatReloader
[2025-11-19 20:12:41,262] INFO django.utils.autoreload E:\Shopizen\Authentication\models.py changed, reloading.
[2025-11-19 20:12:42,987] INFO django.utils.autoreload Watching for file changes with StatReloader
[2025-11-19 20:13:02,090] INFO django.utils.autoreload E:\Shopizen\Authentication\serializers.py changed, reloading.
[2025-11-19 20:13:02,613] INFO django.utils.autoreload Watching for file changes with StatReloader
[2025-11-19 20:13:24,949] INFO django.utils.autoreload E:\Shopizen\Authentication\views.py changed, reloading.
[2025-11-19 20:13:25,430] INFO django.utils.autoreload Watching for file changes with StatReloader
[2025-11-19 20:13:59,363] INFO django.utils.autoreload E:\Shopizen\Authentication\views.py changed, reloading.
[2025-11-19 20:13:59,845] INFO django.utils.autoreload Watching for file changes with StatReloader
[2025-11-19 20:14:05,384] INFO django.utils.autoreload E:\Shopizen\Authentication\views.py changed, reloading.
[2025-11-19 20:14:05,893] INFO django.utils.autoreload Watching for file changes with StatReloader
[2025-11-19 20:14:15,610] INFO django.utils.autoreload E:\Shopizen\Authentication\views.py changed, reloading.
[2025-11-19 20:14:16,087] INFO django.utils.autoreload Watching for file changes with StatReloader
[2025-11-19 20:53:37,909] INFO django.utils.autoreload Watching for file changes with StatReloader
[2025-11-19 20:55:33,661] WARNING django.request Not Found: /
[2025-11-19 20:55:33,662] WARNING django.server "GET / HTTP/1.1" 404 3304
[2025-11-19 20:55:33,796] WARNING django.request Not Found: /favicon.ico
[2025-11-19 20:55:33,800] WARNING django.server "GET /favicon.ico HTTP/1.1" 404 3355
[2025-11-19 20:55:36,055] INFO django.server "GET /admin/ HTTP/1.1" 302 0
[2025-11-19 20:55:36,422] INFO django.server "GET /admin/login/?next=/admin/ HTTP/1.1" 200 4173
[2025-11-19 20:55:36,622] INFO django.server "GET /static/admin/css/login.css HTTP/1.1" 200 951
[2025-11-19 20:55:39,544] INFO django.server "POST /admin/login/?next=/admin/ HTTP/1.1" 200 4343
[2025-11-19 20:56:50,585] INFO django.utils.autoreload Watching for file changes with StatReloader
[2025-11-19 20:56:52,583] INFO django.server "GET /admin/login/?next=/admin/ HTTP/1.1" 200 4173
[2025-11-19 20:56:54,813] INFO django.server "POST /admin/login/?next=/admin/ HTTP/1.1" 302 0
[2025-11-19 20:56:54,864] INFO django.server "GET /admin/ HTTP/1.1" 200 18143
[2025-11-19 20:57:02,345] INFO django.server "GET /admin/Authentication/adminprofile/ HTTP/1.1" 200 17182
[2025-11-19 20:57:02,392] INFO django.server "GET /admin/jsi18n/ HTTP/1.1" 200 3342
[2025-11-19 20:57:03,365] INFO django.server "GET /admin/Authentication/userprofile/ HTTP/1.1" 200 17302
[2025-11-19 20:57:03,389] INFO django.server "GET /admin/jsi18n/ HTTP/1.1" 200 3342
[2025-11-19 20:57:05,693] INFO django.server "GET /admin/Authentication/userprofile/add/ HTTP/1.1" 200 18486
[2025-11-19 20:57:05,716] INFO django.server "GET /admin/jsi18n/ HTTP/1.1" 200 3342
[2025-11-19 20:57:12,601] INFO django.server "GET /admin/auth/user/add/ HTTP/1.1" 200 20812
[2025-11-19 20:57:12,621] INFO django.server "GET /admin/jsi18n/ HTTP/1.1" 200 3342
[2025-11-19 20:59:49,720] INFO django.utils.autoreload E:\Shopizen\Authentication\models.py changed, reloading.
[2025-11-19 20:59:50,213] INFO django.utils.autoreload Watching for file changes with StatReloader
[2025-11-19 20:59:54,787] INFO django.utils.autoreload E:\Shopizen\Authentication\models.py changed, reloading.
[2025-11-19 20:59:56,470] INFO django.utils.autoreload Watching for file changes with StatReloader
[2025-11-19 21:00:10,072] INFO django.utils.autoreload Watching for file changes with StatReloader
[2025-11-19 21:03:15,169] INFO django.utils.autoreload E:\Shopizen\Authentication\models.py changed, reloading.
[2025-11-19 21:03:15,672] INFO django.utils.autoreload Watching for file changes with StatReloader
[2025-11-19 21:03:19,174] INFO django.utils.autoreload E:\Shopizen\Authentication\models.py changed, reloading.
[2025-11-19 21:03:19,676] INFO django.utils.autoreload Watching for file changes with StatReloader
[2025-11-19 21:03:23,022] INFO django.utils.autoreload E:\Shopizen\Authentication\models.py changed, reloading.
[2025-11-19 21:03:23,481] INFO django.utils.autoreload Watching for file changes with StatReloader
[2025-11-19 21:03:24,790] INFO django.utils.autoreload E:\Shopizen\Authentication\models.py changed, reloading.
[2025-11-19 21:03:25,259] INFO django.utils.autoreload Watching for file changes with StatReloader
[2025-11-19 21:03:27,657] INFO django.utils.autoreload E:\Shopizen\Authentication\models.py changed, reloading.
[2025-11-19 21:03:28,129] INFO django.utils.autoreload Watching for file changes with StatReloader
[2025-11-19 21:03:29,446] INFO django.utils.autoreload E:\Shopizen\Authentication\models.py changed, reloading.
[2025-11-19 21:03:29,914] INFO django.utils.autoreload Watching for file changes with StatReloader
[2025-11-19 21:03:32,259] INFO django.utils.autoreload E:\Shopizen\Authentication\models.py changed, reloading.
[2025-11-19 21:03:32,745] INFO django.utils.autoreload Watching for file changes with StatReloader
[2025-11-19 21:03:34,081] INFO django.utils.autoreload E:\Shopizen\Authentication\models.py changed, reloading.
[2025-11-19 21:03:34,583] INFO django.utils.autoreload Watching for file changes with StatReloader
[2025-11-19 21:03:36,911] INFO django.utils.autoreload E:\Shopizen\Authentication\models.py changed, reloading.
[2025-11-19 21:03:37,387] INFO django.utils.autoreload Watching for file changes with StatReloader
[2025-11-19 21:03:38,713] INFO django.utils.autoreload E:\Shopizen\Authentication\models.py changed, reloading.
[2025-11-19 21:03:39,244] INFO django.utils.autoreload Watching for file changes with StatReloader
[2025-11-19 21:03:40,557] INFO django.utils.autoreload E:\Shopizen\Authentication\models.py changed, reloading.
[2025-11-19 21:03:41,046] INFO django.utils.autoreload Watching for file changes with StatReloader
[2025-11-19 21:03:48,525] INFO django.utils.autoreload E:\Shopizen\Authentication\models.py changed, reloading.
[2025-11-19 21:03:48,971] INFO django.utils.autoreload Watching for file changes with StatReloader
[2025-11-19 21:04:02,161] INFO django.utils.autoreload E:\Shopizen\Authentication\models.py changed, reloading.
[2025-11-19 21:04:02,670] INFO django.utils.autoreload Watching for file changes with StatReloader
[2025-11-19 21:04:34,102] INFO django.utils.autoreload E:\Shopizen\Authentication\models.py changed, reloading.
[2025-11-19 21:04:35,574] INFO django.utils.autoreload Watching for file changes with StatReloader
[2025-11-19 21:09:05,791] INFO django.server "POST /api/token/ HTTP/1.1" 200 489
[2025-11-19 21:10:30,872] ERROR core.exceptions Unhandled Exception: Field name `phone_number` is not valid for model `User` in `Authentication.serializers.RegisterSerializer`.
Traceback (most recent call last):
  File "E:\Shopizen\.venv\Lib\site-packages\rest_framework\views.py", line 512, in dispatch
    response = handler(request, *args, **kwargs)
  File "E:\Shopizen\Authentication\views.py", line 23, in post
    if serializer.is_valid():
       ~~~~~~~~~~~~~~~~~~~^^
  File "E:\Shopizen\.venv\Lib\site-packages\rest_framework\serializers.py", line 225, in is_valid
    self._validated_data = self.run_validation(self.initial_data)
                           ~~~~~~~~~~~~~~~~~~~^^^^^^^^^^^^^^^^^^^
  File "E:\Shopizen\.venv\Lib\site-packages\rest_framework\serializers.py", line 444, in run_validation
    value = self.to_internal_value(data)
  File "E:\Shopizen\.venv\Lib\site-packages\rest_framework\serializers.py", line 497, in to_internal_value
    for field in fields:
                 ^^^^^^
  File "E:\Shopizen\.venv\Lib\site-packages\rest_framework\serializers.py", line 380, in _writable_fields
    for field in self.fields.values():
                 ^^^^^^^^^^^
  File "E:\Shopizen\.venv\Lib\site-packages\django\utils\functional.py", line 47, in __get__
    res = instance.__dict__[self.name] = self.func(instance)
                                         ~~~~~~~~~^^^^^^^^^^
  File "E:\Shopizen\.venv\Lib\site-packages\rest_framework\serializers.py", line 374, in fields
    for key, value in self.get_fields().items():
                      ~~~~~~~~~~~~~~~^^
  File "E:\Shopizen\.venv\Lib\site-packages\rest_framework\serializers.py", line 1105, in get_fields
    field_class, field_kwargs = self.build_field(
                                ~~~~~~~~~~~~~~~~^
        source, info, model, depth
        ^^^^^^^^^^^^^^^^^^^^^^^^^^
    )
    ^
  File "E:\Shopizen\.venv\Lib\site-packages\rest_framework\serializers.py", line 1251, in build_field
    return self.build_unknown_field(field_name, model_class)
           ~~~~~~~~~~~~~~~~~~~~~~~~^^^^^^^^^^^^^^^^^^^^^^^^^
  File "E:\Shopizen\.venv\Lib\site-packages\rest_framework\serializers.py", line 1369, in build_unknown_field
    raise ImproperlyConfigured(
    ...<2 lines>...
    )
django.core.exceptions.ImproperlyConfigured: Field name `phone_number` is not valid for model `User` in `Authentication.serializers.RegisterSerializer`.
[2025-11-19 21:10:30,941] ERROR django.request Internal Server Error: /authentication/api/register/
[2025-11-19 21:10:30,942] ERROR django.server "POST /authentication/api/register/ HTTP/1.1" 500 101
[2025-11-19 21:11:48,839] ERROR core.exceptions Unhandled Exception: Field name `phone_number` is not valid for model `User` in `Authentication.serializers.RegisterSerializer`.
Traceback (most recent call last):
  File "E:\Shopizen\.venv\Lib\site-packages\rest_framework\views.py", line 512, in dispatch
    response = handler(request, *args, **kwargs)
  File "E:\Shopizen\Authentication\views.py", line 23, in post
    if serializer.is_valid():
       ~~~~~~~~~~~~~~~~~~~^^
  File "E:\Shopizen\.venv\Lib\site-packages\rest_framework\serializers.py", line 225, in is_valid
    self._validated_data = self.run_validation(self.initial_data)
                           ~~~~~~~~~~~~~~~~~~~^^^^^^^^^^^^^^^^^^^
  File "E:\Shopizen\.venv\Lib\site-packages\rest_framework\serializers.py", line 444, in run_validation
    value = self.to_internal_value(data)
  File "E:\Shopizen\.venv\Lib\site-packages\rest_framework\serializers.py", line 497, in to_internal_value
    for field in fields:
                 ^^^^^^
  File "E:\Shopizen\.venv\Lib\site-packages\rest_framework\serializers.py", line 380, in _writable_fields
    for field in self.fields.values():
                 ^^^^^^^^^^^
  File "E:\Shopizen\.venv\Lib\site-packages\django\utils\functional.py", line 47, in __get__
    res = instance.__dict__[self.name] = self.func(instance)
                                         ~~~~~~~~~^^^^^^^^^^
  File "E:\Shopizen\.venv\Lib\site-packages\rest_framework\serializers.py", line 374, in fields
    for key, value in self.get_fields().items():
                      ~~~~~~~~~~~~~~~^^
  File "E:\Shopizen\.venv\Lib\site-packages\rest_framework\serializers.py", line 1105, in get_fields
    field_class, field_kwargs = self.build_field(
                                ~~~~~~~~~~~~~~~~^
        source, info, model, depth
        ^^^^^^^^^^^^^^^^^^^^^^^^^^
    )
    ^
  File "E:\Shopizen\.venv\Lib\site-packages\rest_framework\serializers.py", line 1251, in build_field
    return self.build_unknown_field(field_name, model_class)
           ~~~~~~~~~~~~~~~~~~~~~~~~^^^^^^^^^^^^^^^^^^^^^^^^^
  File "E:\Shopizen\.venv\Lib\site-packages\rest_framework\serializers.py", line 1369, in build_unknown_field
    raise ImproperlyConfigured(
    ...<2 lines>...
    )
django.core.exceptions.ImproperlyConfigured: Field name `phone_number` is not valid for model `User` in `Authentication.serializers.RegisterSerializer`.
[2025-11-19 21:11:48,841] ERROR django.request Internal Server Error: /authentication/api/register/
[2025-11-19 21:11:48,842] ERROR django.server "POST /authentication/api/register/ HTTP/1.1" 500 101
[2025-11-19 21:11:54,488] ERROR core.exceptions Unhandled Exception: Field name `phone_number` is not valid for model `User` in `Authentication.serializers.RegisterSerializer`.
Traceback (most recent call last):
  File "E:\Shopizen\.venv\Lib\site-packages\rest_framework\views.py", line 512, in dispatch
    response = handler(request, *args, **kwargs)
  File "E:\Shopizen\Authentication\views.py", line 23, in post
    if serializer.is_valid():
       ~~~~~~~~~~~~~~~~~~~^^
  File "E:\Shopizen\.venv\Lib\site-packages\rest_framework\serializers.py", line 225, in is_valid
    self._validated_data = self.run_validation(self.initial_data)
                           ~~~~~~~~~~~~~~~~~~~^^^^^^^^^^^^^^^^^^^
  File "E:\Shopizen\.venv\Lib\site-packages\rest_framework\serializers.py", line 444, in run_validation
    value = self.to_internal_value(data)
  File "E:\Shopizen\.venv\Lib\site-packages\rest_framework\serializers.py", line 497, in to_internal_value
    for field in fields:
                 ^^^^^^
  File "E:\Shopizen\.venv\Lib\site-packages\rest_framework\serializers.py", line 380, in _writable_fields
    for field in self.fields.values():
                 ^^^^^^^^^^^
  File "E:\Shopizen\.venv\Lib\site-packages\django\utils\functional.py", line 47, in __get__
    res = instance.__dict__[self.name] = self.func(instance)
                                         ~~~~~~~~~^^^^^^^^^^
  File "E:\Shopizen\.venv\Lib\site-packages\rest_framework\serializers.py", line 374, in fields
    for key, value in self.get_fields().items():
                      ~~~~~~~~~~~~~~~^^
  File "E:\Shopizen\.venv\Lib\site-packages\rest_framework\serializers.py", line 1105, in get_fields
    field_class, field_kwargs = self.build_field(
                                ~~~~~~~~~~~~~~~~^
        source, info, model, depth
        ^^^^^^^^^^^^^^^^^^^^^^^^^^
    )
    ^
  File "E:\Shopizen\.venv\Lib\site-packages\rest_framework\serializers.py", line 1251, in build_field
    return self.build_unknown_field(field_name, model_class)
           ~~~~~~~~~~~~~~~~~~~~~~~~^^^^^^^^^^^^^^^^^^^^^^^^^
  File "E:\Shopizen\.venv\Lib\site-packages\rest_framework\serializers.py", line 1369, in build_unknown_field
    raise ImproperlyConfigured(
    ...<2 lines>...
    )
django.core.exceptions.ImproperlyConfigured: Field name `phone_number` is not valid for model `User` in `Authentication.serializers.RegisterSerializer`.
[2025-11-19 21:11:54,491] ERROR django.request Internal Server Error: /authentication/api/register/
[2025-11-19 21:11:54,492] ERROR django.server "POST /authentication/api/register/ HTTP/1.1" 500 101
[2025-11-19 21:13:33,774] INFO django.utils.autoreload E:\Shopizen\Authentication\serializers.py changed, reloading.
[2025-11-19 21:13:34,965] INFO django.utils.autoreload Watching for file changes with StatReloader
[2025-11-19 21:13:47,028] ERROR core.exceptions Unhandled Exception: Field name `phone_number` is not valid for model `User` in `Authentication.serializers.RegisterSerializer`.
Traceback (most recent call last):
  File "E:\Shopizen\.venv\Lib\site-packages\rest_framework\views.py", line 512, in dispatch
    response = handler(request, *args, **kwargs)
  File "E:\Shopizen\Authentication\views.py", line 23, in post
    if serializer.is_valid():
       ~~~~~~~~~~~~~~~~~~~^^
  File "E:\Shopizen\.venv\Lib\site-packages\rest_framework\serializers.py", line 225, in is_valid
    self._validated_data = self.run_validation(self.initial_data)
                           ~~~~~~~~~~~~~~~~~~~^^^^^^^^^^^^^^^^^^^
  File "E:\Shopizen\.venv\Lib\site-packages\rest_framework\serializers.py", line 444, in run_validation
    value = self.to_internal_value(data)
  File "E:\Shopizen\.venv\Lib\site-packages\rest_framework\serializers.py", line 497, in to_internal_value
    for field in fields:
                 ^^^^^^
  File "E:\Shopizen\.venv\Lib\site-packages\rest_framework\serializers.py", line 380, in _writable_fields
    for field in self.fields.values():
                 ^^^^^^^^^^^
  File "E:\Shopizen\.venv\Lib\site-packages\django\utils\functional.py", line 47, in __get__
    res = instance.__dict__[self.name] = self.func(instance)
                                         ~~~~~~~~~^^^^^^^^^^
  File "E:\Shopizen\.venv\Lib\site-packages\rest_framework\serializers.py", line 374, in fields
    for key, value in self.get_fields().items():
                      ~~~~~~~~~~~~~~~^^
  File "E:\Shopizen\.venv\Lib\site-packages\rest_framework\serializers.py", line 1105, in get_fields
    field_class, field_kwargs = self.build_field(
                                ~~~~~~~~~~~~~~~~^
        source, info, model, depth
        ^^^^^^^^^^^^^^^^^^^^^^^^^^
    )
    ^
  File "E:\Shopizen\.venv\Lib\site-packages\rest_framework\serializers.py", line 1251, in build_field
    return self.build_unknown_field(field_name, model_class)
           ~~~~~~~~~~~~~~~~~~~~~~~~^^^^^^^^^^^^^^^^^^^^^^^^^
  File "E:\Shopizen\.venv\Lib\site-packages\rest_framework\serializers.py", line 1369, in build_unknown_field
    raise ImproperlyConfigured(
    ...<2 lines>...
    )
django.core.exceptions.ImproperlyConfigured: Field name `phone_number` is not valid for model `User` in `Authentication.serializers.RegisterSerializer`.
[2025-11-19 21:13:47,033] ERROR django.request Internal Server Error: /authentication/api/register/
[2025-11-19 21:13:47,034] ERROR django.server "POST /authentication/api/register/ HTTP/1.1" 500 101
[2025-11-19 21:13:52,913] INFO django.utils.autoreload E:\Shopizen\Authentication\serializers.py changed, reloading.
[2025-11-19 21:13:53,446] INFO django.utils.autoreload Watching for file changes with StatReloader
[2025-11-19 21:15:14,256] INFO django.utils.autoreload Watching for file changes with StatReloader
[2025-11-19 21:15:22,162] INFO django.server "GET /admin/Authentication/userprofile/ HTTP/1.1" 200 17302
[2025-11-19 21:15:22,189] INFO django.server "GET /admin/jsi18n/ HTTP/1.1" 200 3342
[2025-11-19 21:15:22,929] INFO django.server "GET /admin/Authentication/userprofile/add/ HTTP/1.1" 200 18486
[2025-11-19 21:15:22,951] INFO django.server "GET /admin/jsi18n/ HTTP/1.1" 200 3342
[2025-11-19 21:15:28,723] INFO django.server "GET /admin/auth/user/add/ HTTP/1.1" 200 20812
[2025-11-19 21:15:28,747] INFO django.server "GET /admin/jsi18n/ HTTP/1.1" 200 3342
[2025-11-19 21:15:40,577] INFO django.server "POST /admin/auth/user/add/ HTTP/1.1" 200 21310
[2025-11-19 21:15:40,594] INFO django.server "GET /admin/jsi18n/ HTTP/1.1" 200 3342
[2025-11-19 21:16:10,409] INFO django.server "POST /admin/auth/user/add/ HTTP/1.1" 302 0
[2025-11-19 21:16:10,614] INFO django.server "GET /admin/auth/user/2/change/ HTTP/1.1" 200 36357
[2025-11-19 21:16:10,646] INFO django.server "GET /admin/jsi18n/ HTTP/1.1" 200 3342
[2025-11-19 21:16:10,765] INFO django.server "GET /static/admin/js/admin/DateTimeShortcuts.js HTTP/1.1" 200 19319
[2025-11-19 21:16:10,765] INFO django.server "GET /static/admin/js/calendar.js HTTP/1.1" 200 9141
[2025-11-19 21:16:10,766] INFO django.server "GET /static/admin/js/SelectBox.js HTTP/1.1" 200 4530
[2025-11-19 21:16:10,777] INFO django.server "GET /static/admin/js/SelectFilter2.js HTTP/1.1" 200 15845
[2025-11-19 21:16:10,811] INFO django.server "GET /static/admin/img/icon-clock.svg HTTP/1.1" 200 677
[2025-11-19 21:16:10,811] INFO django.server "GET /static/admin/img/selector-icons.svg HTTP/1.1" 200 3291
[2025-11-19 21:16:10,812] INFO django.server "GET /static/admin/img/icon-calendar.svg HTTP/1.1" 200 1086
[2025-11-19 21:16:56,893] INFO django.server "POST /admin/auth/user/2/change/ HTTP/1.1" 302 0
[2025-11-19 21:16:56,934] INFO django.server "GET /admin/auth/user/ HTTP/1.1" 200 20806
[2025-11-19 21:16:56,955] INFO django.server "GET /admin/jsi18n/ HTTP/1.1" 200 3342
[2025-11-19 21:16:56,961] INFO django.server "GET /static/admin/img/icon-no.svg HTTP/1.1" 200 560
[2025-11-19 21:16:56,976] INFO django.server "GET /static/admin/img/sorting-icons.svg HTTP/1.1" 200 1097
[2025-11-19 21:17:06,847] INFO django.server "GET /admin/Authentication/userprofile/add/ HTTP/1.1" 200 18486
[2025-11-19 21:17:06,867] INFO django.server "GET /admin/jsi18n/ HTTP/1.1" 200 3342
[2025-11-19 21:17:26,465] INFO django.server "POST /admin/Authentication/userprofile/add/ HTTP/1.1" 200 19011
[2025-11-19 21:17:26,484] INFO django.server "GET /admin/jsi18n/ HTTP/1.1" 200 3342
[2025-11-19 21:17:32,046] INFO django.server "GET /admin/Authentication/userprofile/add/ HTTP/1.1" 200 18486
[2025-11-19 21:17:32,064] INFO django.server "GET /admin/jsi18n/ HTTP/1.1" 200 3342
[2025-11-19 21:17:42,758] INFO django.server "GET /admin/Authentication/adminprofile/add/ HTTP/1.1" 200 21398
[2025-11-19 21:17:42,788] INFO django.server "GET /admin/jsi18n/ HTTP/1.1" 200 3342
[2025-11-19 21:17:45,080] INFO django.server "GET /admin/auth/user/add/?_to_field=id&_popup=1 HTTP/1.1" 200 8107
[2025-11-19 21:17:45,095] INFO django.server "GET /admin/jsi18n/ HTTP/1.1" 200 3342
[2025-11-19 21:17:50,326] INFO django.server "GET /admin/Authentication/userprofile/add/ HTTP/1.1" 200 18486
[2025-11-19 21:17:50,346] INFO django.server "GET /admin/jsi18n/ HTTP/1.1" 200 3342
